#
# There is insufficient memory for the Java Runtime Environment to continue.
# Native memory allocation (malloc) failed to allocate 366976 bytes. Error detail: Chunk::new
# Possible reasons:
#   The system is out of physical RAM or swap space
#   This process is running with CompressedOops enabled, and the Java Heap may be blocking the growth of the native heap
# Possible solutions:
#   Reduce memory load on the system
#   Increase physical memory or swap space
#   Check if swap backing store is full
#   Decrease Java heap size (-Xmx/-Xms)
#   Decrease number of Java threads
#   Decrease Java thread stack sizes (-Xss)
#   Set larger code cache with -XX:ReservedCodeCacheSize=
#   JVM is running with Unscaled Compressed Oops mode in which the Java heap is
#     placed in the first 4GB address space. The Java Heap base address is the
#     maximum limit for the native heap growth. Please use -XX:HeapBaseMinAddress
#     to set the Java Heap base and to place the Java Heap above 4GB virtual address.
# This output file may be truncated or incomplete.
#
#  Out of Memory Error (arena.cpp:168), pid=16580, tid=23528
#
# JRE version: OpenJDK Runtime Environment Temurin-21.0.12.1+1 (21.0.12.1+1) (build 21.0.12.1+1-LTS)
# Java VM: OpenJDK 64-Bit Server VM Temurin-21.0.12.1+1 (21.0.12.1+1-LTS, mixed mode, sharing, tiered, compressed oops, compressed class ptrs, parallel gc, windows-amd64)
# No core dump will be written. Minidumps are not enabled by default on client versions of Windows
#

---------------  S U M M A R Y ------------

Command Line: --add-modules=ALL-SYSTEM --add-opens=java.base/java.util=ALL-UNNAMED --add-opens=java.base/java.lang=ALL-UNNAMED --add-opens=java.base/sun.nio.fs=ALL-UNNAMED -Declipse.application=org.eclipse.jdt.ls.core.id1 -Dosgi.bundles.defaultStartLevel=4 -Declipse.product=org.eclipse.jdt.ls.core.product -Djava.import.generatesMetadataFilesAtProjectRoot=false -Dm2e.project.cache.size=50 -DDetectVMInstallationsJob.disabled=true -Dfile.encoding=utf8 -XX:+UseParallelGC -XX:GCTimeRatio=4 -XX:AdaptiveSizePolicyWeight=90 -Dsun.zip.disableMemoryMapping=true -Xmx2G -Xms100m -Xlog:disable -javaagent:c:\Users\acer\.vscode\extensions\redhat.java-1.56.0-win32-x64\lombok\lombok-1.18.39-4050.jar -XX:+HeapDumpOnOutOfMemoryError -XX:HeapDumpPath=c:\Users\acer\AppData\Roaming\Code\User\workspaceStorage\f81792bce3518f49dc127177c5519470\redhat.java -Daether.dependencyCollector.impl=bf c:\Users\acer\.vscode\extensions\redhat.java-1.56.0-win32-x64\server\plugins\org.eclipse.equinox.launcher_1.8.0.v20260804-1928.jar -configuration c:\Users\acer\AppData\Roaming\Code\User\globalStorage\redhat.java\1.56.0\config_win -data c:\Users\acer\AppData\Roaming\Code\User\workspaceStorage\f81792bce3518f49dc127177c5519470\redhat.java\jdt_ws --pipe=\\.\pipe\lsp-1f0276e674be934e108674982b263a88-sock

Host: Intel(R) Core(TM) i3-N305, 8 cores, 7G,  Windows 11 , 64 bit Build 26100 (10.0.26100.9549)
Time: Fri Oct  2 13:16:24 2026 India Standard Time elapsed time: 8.328365 seconds (0d 0h 0m 8s)

---------------  T H R E A D  ---------------

Current thread (0x000001f729cf22d0):  JavaThread "C2 CompilerThread0" daemon [_thread_in_native, id=23528, stack(0x000000d500100000,0x000000d500200000) (1024K)]


Current CompileTask:
C2:8328 3000       4       jdk.internal.org.objectweb.asm.Frame::execute (2305 bytes)

Stack: [0x000000d500100000,0x000000d500200000]
Native frames: (J=compiled Java code, j=interpreted, Vv=VM code, C=native code)
V  [jvm.dll+0x6d83e9]
V  [jvm.dll+0x8b5736]
V  [jvm.dll+0x8b7cee]
V  [jvm.dll+0x8b83d3]
V  [jvm.dll+0x284596]
V  [jvm.dll+0xc685d]
V  [jvm.dll+0xc6da1]
V  [jvm.dll+0x3bf18b]
V  [jvm.dll+0x38b6d2]
V  [jvm.dll+0x38ab1a]
V  [jvm.dll+0x24c700]
V  [jvm.dll+0x24bce0]
V  [jvm.dll+0x1cb4ae]
V  [jvm.dll+0x25baad]
V  [jvm.dll+0x25a03a]
V  [jvm.dll+0x3f8aae]
V  [jvm.dll+0x8600cd]
V  [jvm.dll+0x6d6c1d]
C  [ucrtbase.dll+0x2cd30]
C  [KERNEL32.DLL+0x2cdf7]
C  [ntdll.dll+0x7ee4c]


---------------  P R O C E S S  ---------------

Threads class SMR info:
_java_thread_list=0x000001f7715b1fc0, length=18, elements={
0x000001f713523b40, 0x000001f729ce8400, 0x000001f7135de910, 0x000001f729ce9cf0,
0x000001f729cea950, 0x000001f729ced4c0, 0x000001f729cedf20, 0x000001f729cf22d0,
0x000001f76c778070, 0x000001f76c987420, 0x000001f76ca6db00, 0x000001f7719a8960,
0x000001f771a27800, 0x000001f7719d2f30, 0x000001f7719c13b0, 0x000001f77184cd90,
0x000001f771d6f780, 0x000001f771362290
}

Java Threads: ( => current thread )
  0x000001f713523b40 JavaThread "main"                              [_thread_blocked, id=24188, stack(0x000000d57f700000,0x000000d57f800000) (1024K)]
  0x000001f729ce8400 JavaThread "Reference Handler"          daemon [_thread_blocked, id=17520, stack(0x000000d57fb00000,0x000000d57fc00000) (1024K)]
  0x000001f7135de910 JavaThread "Finalizer"                  daemon [_thread_blocked, id=300, stack(0x000000d57fc00000,0x000000d57fd00000) (1024K)]
  0x000001f729ce9cf0 JavaThread "Signal Dispatcher"          daemon [_thread_blocked, id=12464, stack(0x000000d57fd00000,0x000000d57fe00000) (1024K)]
  0x000001f729cea950 JavaThread "Attach Listener"            daemon [_thread_blocked, id=23692, stack(0x000000d57fe00000,0x000000d57ff00000) (1024K)]
  0x000001f729ced4c0 JavaThread "Service Thread"             daemon [_thread_blocked, id=14504, stack(0x000000d57ff00000,0x000000d580000000) (1024K)]
  0x000001f729cedf20 JavaThread "Monitor Deflation Thread"   daemon [_thread_blocked, id=22660, stack(0x000000d500000000,0x000000d500100000) (1024K)]
=>0x000001f729cf22d0 JavaThread "C2 CompilerThread0"         daemon [_thread_in_native, id=23528, stack(0x000000d500100000,0x000000d500200000) (1024K)]
  0x000001f76c778070 JavaThread "C1 CompilerThread0"         daemon [_thread_blocked, id=12192, stack(0x000000d500200000,0x000000d500300000) (1024K)]
  0x000001f76c987420 JavaThread "Common-Cleaner"             daemon [_thread_blocked, id=11408, stack(0x000000d500300000,0x000000d500400000) (1024K)]
  0x000001f76ca6db00 JavaThread "Notification Thread"        daemon [_thread_blocked, id=26212, stack(0x000000d500500000,0x000000d500600000) (1024K)]
  0x000001f7719a8960 JavaThread "Active Thread: Equinox Container: 61fd34d0-019a-46e8-bd53-d41e025628aa"        [_thread_blocked, id=18568, stack(0x000000d500c00000,0x000000d500d00000) (1024K)]
  0x000001f771a27800 JavaThread "Refresh Thread: Equinox Container: 61fd34d0-019a-46e8-bd53-d41e025628aa" daemon [_thread_blocked, id=19432, stack(0x000000d500e00000,0x000000d500f00000) (1024K)]
  0x000001f7719d2f30 JavaThread "Framework Event Dispatcher: Equinox Container: 61fd34d0-019a-46e8-bd53-d41e025628aa" daemon [_thread_blocked, id=26396, stack(0x000000d500f00000,0x000000d501000000) (1024K)]
  0x000001f7719c13b0 JavaThread "Start Level: Equinox Container: 61fd34d0-019a-46e8-bd53-d41e025628aa" daemon [_thread_in_vm, id=10044, stack(0x000000d500400000,0x000000d500500000) (1024K)]
  0x000001f77184cd90 JavaThread "Bundle File Closer"         daemon [_thread_blocked, id=19168, stack(0x000000d501100000,0x000000d501200000) (1024K)]
  0x000001f771d6f780 JavaThread "SCR Component Actor"        daemon [_thread_blocked, id=24812, stack(0x000000d501000000,0x000000d501100000) (1024K)]
  0x000001f771362290 JavaThread "Worker-JM"                         [_thread_blocked, id=23788, stack(0x000000d501200000,0x000000d501300000) (1024K)]
Total: 18

Other Threads:
  0x000001f7135c63e0 VMThread "VM Thread"                           [id=17828, stack(0x000000d57fa00000,0x000000d57fb00000) (1024K)]
  0x000001f729bfca00 WatcherThread "VM Periodic Task Thread"        [id=13012, stack(0x000000d57f900000,0x000000d57fa00000) (1024K)]
  0x000001f713542c30 WorkerThread "GC Thread#0"                     [id=24312, stack(0x000000d57f800000,0x000000d57f900000) (1024K)]
  0x000001f771372880 WorkerThread "GC Thread#1"                     [id=5956, stack(0x000000d500600000,0x000000d500700000) (1024K)]
  0x000001f771373440 WorkerThread "GC Thread#2"                     [id=22396, stack(0x000000d500700000,0x000000d500800000) (1024K)]
  0x000001f771511000 WorkerThread "GC Thread#3"                     [id=12556, stack(0x000000d500800000,0x000000d500900000) (1024K)]
  0x000001f7715113b0 WorkerThread "GC Thread#4"                     [id=23632, stack(0x000000d500900000,0x000000d500a00000) (1024K)]
  0x000001f771511760 WorkerThread "GC Thread#5"                     [id=23636, stack(0x000000d500a00000,0x000000d500b00000) (1024K)]
  0x000001f771511b10 WorkerThread "GC Thread#6"                     [id=17076, stack(0x000000d500b00000,0x000000d500c00000) (1024K)]
  0x000001f7717cc430 WorkerThread "GC Thread#7"                     [id=3120, stack(0x000000d500d00000,0x000000d500e00000) (1024K)]
Total: 10

Threads with active compile tasks:
C2 CompilerThread0  8390 3000       4       jdk.internal.org.objectweb.asm.Frame::execute (2305 bytes)
Total: 1

VM state: not at safepoint (normal execution)

VM Mutex/Monitor currently owned by a thread: None

Heap address: 0x0000000080000000, size: 2048 MB, Compressed Oops mode: 32-bit

CDS archive(s) mapped at: [0x000001f72a000000-0x000001f72aba0000-0x000001f72aba0000), size 12189696, SharedBaseAddress: 0x000001f72a000000, ArchiveRelocationMode: 1.
Compressed class space mapped at: 0x000001f72b000000-0x000001f76b000000, reserved size: 1073741824
Narrow klass base: 0x000001f72a000000, Narrow klass shift: 0, Narrow klass range: 0x100000000

GC Precious Log:
 CardTable entry size: 512
 CPUs: 8 total, 8 available
 Memory: 7931M
 Large Page Support: Disabled
 NUMA Support: Disabled
 Compressed Oops: Enabled (32-bit)
 Alignments: Space 512K, Generation 512K, Heap 2M
 Heap Min Capacity: 100M
 Heap Initial Capacity: 100M
 Heap Max Capacity: 2G
 Pre-touch: Disabled
 Parallel Workers: 8

Heap:
 PSYoungGen      total 29696K, used 28813K [0x00000000d5580000, 0x00000000d7680000, 0x0000000100000000)
  eden space 25600K, 96% used [0x00000000d5580000,0x00000000d6da9a08,0x00000000d6e80000)
  from space 4096K, 99% used [0x00000000d7280000,0x00000000d7679d28,0x00000000d7680000)
  to   space 4096K, 0% used [0x00000000d6e80000,0x00000000d6e80000,0x00000000d7280000)
 ParOldGen       total 68608K, used 6265K [0x0000000080000000, 0x0000000084300000, 0x00000000d5580000)
  object space 68608K, 9% used [0x0000000080000000,0x000000008061e460,0x0000000084300000)
 Metaspace       used 15668K, committed 16320K, reserved 1114112K
  class space    used 1632K, committed 1920K, reserved 1048576K

Card table byte_map: [0x000001f712dd0000,0x000001f7131e0000] _byte_map_base: 0x000001f7129d0000

Marking Bits: (ParMarkBitMap*) 0x00007ffdf7f144a0
 Begin Bits: [0x000001f725720000, 0x000001f727720000)
 End Bits:   [0x000001f727720000, 0x000001f729720000)

Polling page: 0x000001f711260000

Metaspace:

Usage:
  Non-class:     13.71 MB used.
      Class:      1.59 MB used.
       Both:     15.30 MB used.

Virtual space:
  Non-class space:       64.00 MB reserved,      14.06 MB ( 22%) committed,  1 nodes.
      Class space:        1.00 GB reserved,       1.88 MB ( <1%) committed,  1 nodes.
             Both:        1.06 GB reserved,      15.94 MB (  1%) committed. 

Chunk freelists:
   Non-Class:  1.55 MB
       Class:  13.97 MB
        Both:  15.51 MB

MaxMetaspaceSize: unlimited
CompressedClassSpaceSize: 1.00 GB
Initial GC threshold: 21.00 MB
Current GC threshold: 21.00 MB
CDS: on
 - commit_granule_bytes: 65536.
 - commit_granule_words: 8192.
 - virtual_space_node_default_size: 8388608.
 - enlarge_chunks_in_place: 1.
 - use_allocation_guard: 0.


Internal statistics:

num_allocs_failed_limit: 0.
num_arena_births: 444.
num_arena_deaths: 0.
num_vsnodes_births: 2.
num_vsnodes_deaths: 0.
num_space_committed: 255.
num_space_uncommitted: 0.
num_chunks_returned_to_freelist: 0.
num_chunks_taken_from_freelist: 992.
num_chunk_merges: 0.
num_chunk_splits: 629.
num_chunks_enlarged: 403.
num_inconsistent_stats: 0.

CodeHeap 'non-profiled nmethods': size=120000Kb used=1344Kb max_used=1344Kb free=118655Kb
 bounds [0x000001f71e1f0000, 0x000001f71e460000, 0x000001f725720000]
CodeHeap 'profiled nmethods': size=120000Kb used=6089Kb max_used=6089Kb free=113910Kb
 bounds [0x000001f716720000, 0x000001f716d20000, 0x000001f71dc50000]
CodeHeap 'non-nmethods': size=5760Kb used=1260Kb max_used=1276Kb free=4499Kb
 bounds [0x000001f71dc50000, 0x000001f71dec0000, 0x000001f71e1f0000]
CodeCache: size=245760Kb, used=8693Kb, max_used=8709Kb, free=237064Kb
 total_blobs=3554, nmethods=3021, adapters=439, full_count=0
Compilation: enabled, stopped_count=0, restarted_count=0

Compilation events (20 events):
Event: 8.267 Thread 0x000001f729cf22d0 nmethod 2977 0x000001f71e33db10 code [0x000001f71e33dd00, 0x000001f71e33e348]
Event: 8.279 Thread 0x000001f76c778070 2991       3       org.eclipse.core.internal.localstore.SafeChunkyInputStream::compare (45 bytes)
Event: 8.279 Thread 0x000001f76c778070 nmethod 2991 0x000001f716d00290 code [0x000001f716d00440, 0x000001f716d006a8]
Event: 8.280 Thread 0x000001f76c778070 2992       3       org.eclipse.core.internal.localstore.SafeChunkyInputStream::read (71 bytes)
Event: 8.281 Thread 0x000001f76c778070 nmethod 2992 0x000001f716d00810 code [0x000001f716d00a20, 0x000001f716d00ef8]
Event: 8.281 Thread 0x000001f76c778070 2993       3       java.lang.invoke.MethodHandleNatives::linkCallSite (65 bytes)
Event: 8.282 Thread 0x000001f76c778070 nmethod 2993 0x000001f716d01090 code [0x000001f716d01280, 0x000001f716d017c8]
Event: 8.282 Thread 0x000001f76c778070 2994       3       java.lang.invoke.MethodHandleNatives::linkCallSiteImpl (119 bytes)
Event: 8.282 Thread 0x000001f76c778070 nmethod 2994 0x000001f716d01990 code [0x000001f716d01bc0, 0x000001f716d02450]
Event: 8.282 Thread 0x000001f76c778070 2995       3       java.lang.invoke.ConstantCallSite::<init> (17 bytes)
Event: 8.283 Thread 0x000001f76c778070 nmethod 2995 0x000001f716d02810 code [0x000001f716d029c0, 0x000001f716d02c60]
Event: 8.284 Thread 0x000001f76c778070 2996       3       java.util.ArrayDeque::contains (80 bytes)
Event: 8.284 Thread 0x000001f76c778070 nmethod 2996 0x000001f716d02d90 code [0x000001f716d02f80, 0x000001f716d033f0]
Event: 8.303 Thread 0x000001f76c778070 2997       3       jdk.internal.org.objectweb.asm.MethodWriter::visitLdcInsn (215 bytes)
Event: 8.304 Thread 0x000001f76c778070 nmethod 2997 0x000001f716d03590 code [0x000001f716d03820, 0x000001f716d042a8]
Event: 8.306 Thread 0x000001f729cf22d0 3000       4       jdk.internal.org.objectweb.asm.Frame::execute (2305 bytes)
Event: 8.323 Thread 0x000001f76c778070 3004       3       java.io.FilterInputStream::read (8 bytes)
Event: 8.323 Thread 0x000001f76c778070 nmethod 3004 0x000001f716d04710 code [0x000001f716d048c0, 0x000001f716d04a98]
Event: 8.323 Thread 0x000001f76c778070 3005       3       org.eclipse.core.internal.dtree.DataTreeReader::readNumber (35 bytes)
Event: 8.324 Thread 0x000001f76c778070 nmethod 3005 0x000001f716d04b90 code [0x000001f716d04d60, 0x000001f716d05040]

GC Heap History (8 events):
Event: 1.938 GC heap before
{Heap before GC invocations=1 (full 0):
 PSYoungGen      total 29696K, used 25600K [0x00000000d5580000, 0x00000000d7680000, 0x0000000100000000)
  eden space 25600K, 100% used [0x00000000d5580000,0x00000000d6e80000,0x00000000d6e80000)
  from space 4096K, 0% used [0x00000000d7280000,0x00000000d7280000,0x00000000d7680000)
  to   space 4096K, 0% used [0x00000000d6e80000,0x00000000d6e80000,0x00000000d7280000)
 ParOldGen       total 68608K, used 0K [0x0000000080000000, 0x0000000084300000, 0x00000000d5580000)
  object space 68608K, 0% used [0x0000000080000000,0x0000000080000000,0x0000000084300000)
 Metaspace       used 4337K, committed 4544K, reserved 1114112K
  class space    used 474K, committed 576K, reserved 1048576K
}
Event: 1.952 GC heap after
{Heap after GC invocations=1 (full 0):
 PSYoungGen      total 29696K, used 3303K [0x00000000d5580000, 0x00000000d7680000, 0x0000000100000000)
  eden space 25600K, 0% used [0x00000000d5580000,0x00000000d5580000,0x00000000d6e80000)
  from space 4096K, 80% used [0x00000000d6e80000,0x00000000d71b9e98,0x00000000d7280000)
  to   space 4096K, 0% used [0x00000000d7280000,0x00000000d7280000,0x00000000d7680000)
 ParOldGen       total 68608K, used 0K [0x0000000080000000, 0x0000000084300000, 0x00000000d5580000)
  object space 68608K, 0% used [0x0000000080000000,0x0000000080000000,0x0000000084300000)
 Metaspace       used 4337K, committed 4544K, reserved 1114112K
  class space    used 474K, committed 576K, reserved 1048576K
}
Event: 3.583 GC heap before
{Heap before GC invocations=2 (full 0):
 PSYoungGen      total 29696K, used 28903K [0x00000000d5580000, 0x00000000d7680000, 0x0000000100000000)
  eden space 25600K, 100% used [0x00000000d5580000,0x00000000d6e80000,0x00000000d6e80000)
  from space 4096K, 80% used [0x00000000d6e80000,0x00000000d71b9e98,0x00000000d7280000)
  to   space 4096K, 0% used [0x00000000d7280000,0x00000000d7280000,0x00000000d7680000)
 ParOldGen       total 68608K, used 0K [0x0000000080000000, 0x0000000084300000, 0x00000000d5580000)
  object space 68608K, 0% used [0x0000000080000000,0x0000000080000000,0x0000000084300000)
 Metaspace       used 8044K, committed 8320K, reserved 1114112K
  class space    used 834K, committed 960K, reserved 1048576K
}
Event: 3.594 GC heap after
{Heap after GC invocations=2 (full 0):
 PSYoungGen      total 29696K, used 4070K [0x00000000d5580000, 0x00000000d7680000, 0x0000000100000000)
  eden space 25600K, 0% used [0x00000000d5580000,0x00000000d5580000,0x00000000d6e80000)
  from space 4096K, 99% used [0x00000000d7280000,0x00000000d7679800,0x00000000d7680000)
  to   space 4096K, 0% used [0x00000000d6e80000,0x00000000d6e80000,0x00000000d7280000)
 ParOldGen       total 68608K, used 1975K [0x0000000080000000, 0x0000000084300000, 0x00000000d5580000)
  object space 68608K, 2% used [0x0000000080000000,0x00000000801edcf8,0x0000000084300000)
 Metaspace       used 8044K, committed 8320K, reserved 1114112K
  class space    used 834K, committed 960K, reserved 1048576K
}
Event: 4.586 GC heap before
{Heap before GC invocations=3 (full 0):
 PSYoungGen      total 29696K, used 29573K [0x00000000d5580000, 0x00000000d7680000, 0x0000000100000000)
  eden space 25600K, 99% used [0x00000000d5580000,0x00000000d6e67ef0,0x00000000d6e80000)
  from space 4096K, 99% used [0x00000000d7280000,0x00000000d7679800,0x00000000d7680000)
  to   space 4096K, 0% used [0x00000000d6e80000,0x00000000d6e80000,0x00000000d7280000)
 ParOldGen       total 68608K, used 1975K [0x0000000080000000, 0x0000000084300000, 0x00000000d5580000)
  object space 68608K, 2% used [0x0000000080000000,0x00000000801edcf8,0x0000000084300000)
 Metaspace       used 9491K, committed 9856K, reserved 1114112K
  class space    used 1012K, committed 1152K, reserved 1048576K
}
Event: 4.599 GC heap after
{Heap after GC invocations=3 (full 0):
 PSYoungGen      total 29696K, used 4087K [0x00000000d5580000, 0x00000000d7680000, 0x0000000100000000)
  eden space 25600K, 0% used [0x00000000d5580000,0x00000000d5580000,0x00000000d6e80000)
  from space 4096K, 99% used [0x00000000d6e80000,0x00000000d727de60,0x00000000d7280000)
  to   space 4096K, 0% used [0x00000000d7280000,0x00000000d7280000,0x00000000d7680000)
 ParOldGen       total 68608K, used 5000K [0x0000000080000000, 0x0000000084300000, 0x00000000d5580000)
  object space 68608K, 7% used [0x0000000080000000,0x00000000804e2358,0x0000000084300000)
 Metaspace       used 9491K, committed 9856K, reserved 1114112K
  class space    used 1012K, committed 1152K, reserved 1048576K
}
Event: 7.032 GC heap before
{Heap before GC invocations=4 (full 0):
 PSYoungGen      total 29696K, used 29687K [0x00000000d5580000, 0x00000000d7680000, 0x0000000100000000)
  eden space 25600K, 100% used [0x00000000d5580000,0x00000000d6e80000,0x00000000d6e80000)
  from space 4096K, 99% used [0x00000000d6e80000,0x00000000d727de60,0x00000000d7280000)
  to   space 4096K, 0% used [0x00000000d7280000,0x00000000d7280000,0x00000000d7680000)
 ParOldGen       total 68608K, used 5000K [0x0000000080000000, 0x0000000084300000, 0x00000000d5580000)
  object space 68608K, 7% used [0x0000000080000000,0x00000000804e2358,0x0000000084300000)
 Metaspace       used 11876K, committed 12288K, reserved 1114112K
  class space    used 1262K, committed 1408K, reserved 1048576K
}
Event: 7.038 GC heap after
{Heap after GC invocations=4 (full 0):
 PSYoungGen      total 29696K, used 4071K [0x00000000d5580000, 0x00000000d7680000, 0x0000000100000000)
  eden space 25600K, 0% used [0x00000000d5580000,0x00000000d5580000,0x00000000d6e80000)
  from space 4096K, 99% used [0x00000000d7280000,0x00000000d7679d28,0x00000000d7680000)
  to   space 4096K, 0% used [0x00000000d6e80000,0x00000000d6e80000,0x00000000d7280000)
 ParOldGen       total 68608K, used 6265K [0x0000000080000000, 0x0000000084300000, 0x00000000d5580000)
  object space 68608K, 9% used [0x0000000080000000,0x000000008061e460,0x0000000084300000)
 Metaspace       used 11876K, committed 12288K, reserved 1114112K
  class space    used 1262K, committed 1408K, reserved 1048576K
}

Dll operation events (18 events):
Event: 0.041 Attempting to load shared library c:\Users\acer\.vscode\extensions\redhat.java-1.56.0-win32-x64\jre\21.0.12.1-win32-x86_64\bin\java.dll
Event: 0.041 Loaded shared library c:\Users\acer\.vscode\extensions\redhat.java-1.56.0-win32-x64\jre\21.0.12.1-win32-x86_64\bin\java.dll
Event: 0.232 Attempting to load shared library c:\Users\acer\.vscode\extensions\redhat.java-1.56.0-win32-x64\jre\21.0.12.1-win32-x86_64\bin\zip.dll
Event: 0.234 Loaded shared library c:\Users\acer\.vscode\extensions\redhat.java-1.56.0-win32-x64\jre\21.0.12.1-win32-x86_64\bin\zip.dll
Event: 0.295 Attempting to load shared library C:\Users\acer\.vscode\extensions\redhat.java-1.56.0-win32-x64\jre\21.0.12.1-win32-x86_64\bin\instrument.dll
Event: 0.295 Loaded shared library C:\Users\acer\.vscode\extensions\redhat.java-1.56.0-win32-x64\jre\21.0.12.1-win32-x86_64\bin\instrument.dll
Event: 0.305 Attempting to load shared library C:\Users\acer\.vscode\extensions\redhat.java-1.56.0-win32-x64\jre\21.0.12.1-win32-x86_64\bin\net.dll
Event: 0.308 Loaded shared library C:\Users\acer\.vscode\extensions\redhat.java-1.56.0-win32-x64\jre\21.0.12.1-win32-x86_64\bin\net.dll
Event: 0.318 Attempting to load shared library C:\Users\acer\.vscode\extensions\redhat.java-1.56.0-win32-x64\jre\21.0.12.1-win32-x86_64\bin\nio.dll
Event: 0.319 Loaded shared library C:\Users\acer\.vscode\extensions\redhat.java-1.56.0-win32-x64\jre\21.0.12.1-win32-x86_64\bin\nio.dll
Event: 0.332 Attempting to load shared library C:\Users\acer\.vscode\extensions\redhat.java-1.56.0-win32-x64\jre\21.0.12.1-win32-x86_64\bin\zip.dll
Event: 0.332 Loaded shared library C:\Users\acer\.vscode\extensions\redhat.java-1.56.0-win32-x64\jre\21.0.12.1-win32-x86_64\bin\zip.dll
Event: 0.386 Attempting to load shared library C:\Users\acer\.vscode\extensions\redhat.java-1.56.0-win32-x64\jre\21.0.12.1-win32-x86_64\bin\jimage.dll
Event: 0.386 Loaded shared library C:\Users\acer\.vscode\extensions\redhat.java-1.56.0-win32-x64\jre\21.0.12.1-win32-x86_64\bin\jimage.dll
Event: 0.563 Attempting to load shared library c:\Users\acer\.vscode\extensions\redhat.java-1.56.0-win32-x64\jre\21.0.12.1-win32-x86_64\bin\verify.dll
Event: 0.564 Loaded shared library c:\Users\acer\.vscode\extensions\redhat.java-1.56.0-win32-x64\jre\21.0.12.1-win32-x86_64\bin\verify.dll
Event: 3.617 Attempting to load shared library C:\Users\acer\AppData\Roaming\Code\User\globalStorage\redhat.java\1.56.0\config_win\org.eclipse.equinox.launcher\org.eclipse.equinox.launcher.win32.win32.x86_64_1.3.100.v20260804-1928\eclipse_11924.dll
Event: 3.621 Loaded shared library C:\Users\acer\AppData\Roaming\Code\User\globalStorage\redhat.java\1.56.0\config_win\org.eclipse.equinox.launcher\org.eclipse.equinox.launcher.win32.win32.x86_64_1.3.100.v20260804-1928\eclipse_11924.dll

Deoptimization events (20 events):
Event: 7.731 Thread 0x000001f7719c13b0 DEOPT PACKING pc=0x000001f716b14956 sp=0x000000d5004f3a30
Event: 7.731 Thread 0x000001f7719c13b0 DEOPT UNPACKING pc=0x000001f71dca4242 sp=0x000000d5004f2f40 mode 0
Event: 7.904 Thread 0x000001f7719c13b0 Uncommon trap: trap_request=0xffffff45 fr.pc=0x000001f71e240bb4 relative=0x0000000000000f14
Event: 7.904 Thread 0x000001f7719c13b0 Uncommon trap: reason=unstable_if action=reinterpret pc=0x000001f71e240bb4 method=lombok.patcher.PatchScript.classMatches(Ljava/lang/String;Ljava/util/Collection;)Z @ 25 c2
Event: 7.904 Thread 0x000001f7719c13b0 DEOPT PACKING pc=0x000001f71e240bb4 sp=0x000000d5004f7110
Event: 7.904 Thread 0x000001f7719c13b0 DEOPT UNPACKING pc=0x000001f71dca3aa2 sp=0x000000d5004f70d0 mode 2
Event: 7.906 Thread 0x000001f7719c13b0 DEOPT PACKING pc=0x000001f71696ac0d sp=0x000000d5004f6480
Event: 7.906 Thread 0x000001f7719c13b0 DEOPT UNPACKING pc=0x000001f71dca4242 sp=0x000000d5004f5930 mode 0
Event: 7.915 Thread 0x000001f7719c13b0 Uncommon trap: trap_request=0xffffff45 fr.pc=0x000001f71e32af64 relative=0x00000000000003e4
Event: 7.915 Thread 0x000001f7719c13b0 Uncommon trap: reason=unstable_if action=reinterpret pc=0x000001f71e32af64 method=java.util.regex.Pattern$BmpCharPropertyGreedy.match(Ljava/util/regex/Matcher;ILjava/lang/CharSequence;)Z @ 73 c2
Event: 7.915 Thread 0x000001f7719c13b0 DEOPT PACKING pc=0x000001f71e32af64 sp=0x000000d5004f6150
Event: 7.915 Thread 0x000001f7719c13b0 DEOPT UNPACKING pc=0x000001f71dca3aa2 sp=0x000000d5004f6110 mode 2
Event: 8.088 Thread 0x000001f7719c13b0 Uncommon trap: trap_request=0xffffff45 fr.pc=0x000001f71e2f63c0 relative=0x0000000000001220
Event: 8.088 Thread 0x000001f7719c13b0 Uncommon trap: reason=unstable_if action=reinterpret pc=0x000001f71e2f63c0 method=java.util.Properties.loadConvert([CIILjava/lang/StringBuilder;)Ljava/lang/String; @ 491 c2
Event: 8.088 Thread 0x000001f7719c13b0 DEOPT PACKING pc=0x000001f71e2f63c0 sp=0x000000d5004f7ea0
Event: 8.088 Thread 0x000001f7719c13b0 DEOPT UNPACKING pc=0x000001f71dca3aa2 sp=0x000000d5004f7e90 mode 2
Event: 8.205 Thread 0x000001f7719c13b0 Uncommon trap: trap_request=0xffffff45 fr.pc=0x000001f71e28e754 relative=0x00000000000000b4
Event: 8.205 Thread 0x000001f7719c13b0 Uncommon trap: reason=unstable_if action=reinterpret pc=0x000001f71e28e754 method=org.eclipse.osgi.container.ModuleRevisionBuilder.unmodifiableMap(Ljava/util/Map;)Ljava/util/Map; @ 27 c2
Event: 8.205 Thread 0x000001f7719c13b0 DEOPT PACKING pc=0x000001f71e28e754 sp=0x000000d5004f9c90
Event: 8.205 Thread 0x000001f7719c13b0 DEOPT UNPACKING pc=0x000001f71dca3aa2 sp=0x000000d5004f9c18 mode 2

Classes loaded (20 events):
Event: 8.119 Loading class java/text/MessageFormat
Event: 8.119 Loading class java/text/MessageFormat done
Event: 8.122 Loading class java/text/FieldPosition$Delegate
Event: 8.123 Loading class java/text/FieldPosition$Delegate done
Event: 8.123 Loading class java/text/MessageFormat$Field
Event: 8.123 Loading class java/text/MessageFormat$Field done
Event: 8.215 Loading class java/util/stream/SortedOps
Event: 8.215 Loading class java/util/stream/SortedOps done
Event: 8.215 Loading class java/util/stream/SortedOps$OfRef
Event: 8.215 Loading class java/util/stream/ReferencePipeline$StatefulOp
Event: 8.215 Loading class java/util/stream/ReferencePipeline$StatefulOp done
Event: 8.215 Loading class java/util/stream/SortedOps$OfRef done
Event: 8.217 Loading class java/util/stream/SortedOps$RefSortingSink
Event: 8.218 Loading class java/util/stream/SortedOps$AbstractRefSortingSink
Event: 8.218 Loading class java/util/stream/SortedOps$AbstractRefSortingSink done
Event: 8.218 Loading class java/util/stream/SortedOps$RefSortingSink done
Event: 8.265 Loading class java/util/zip/ZipOutputStream
Event: 8.266 Loading class java/util/zip/DeflaterOutputStream
Event: 8.266 Loading class java/util/zip/DeflaterOutputStream done
Event: 8.266 Loading class java/util/zip/ZipOutputStream done

Classes unloaded (0 events):
No events

Classes redefined (0 events):
No events

Internal exceptions (20 events):
Event: 3.203 Thread 0x000001f713523b40 Exception <a 'java/lang/ClassNotFoundException'{0x00000000d6a42c98}: sun/net/www/protocol/plurl/Handler> (0x00000000d6a42c98) 
thrown [s\src\hotspot\share\classfile\systemDictionary.cpp, line 313]
Event: 3.203 Thread 0x000001f713523b40 Exception <a 'java/lang/ClassNotFoundException'{0x00000000d6a43b18}: sun/net/www/protocol/plurl/Handler> (0x00000000d6a43b18) 
thrown [s\src\hotspot\share\classfile\systemDictionary.cpp, line 313]
Event: 3.614 Thread 0x000001f713523b40 Exception <a 'java/lang/UnsatisfiedLinkError'{0x00000000d55c98a8}: 'void org.eclipse.equinox.launcher.JNIBridge._update_splash()'> (0x00000000d55c98a8) 
thrown [s\src\hotspot\share\prims\nativeLookup.cpp, line 415]
Event: 3.686 Thread 0x000001f771a27800 Exception <a 'java/lang/NoSuchMethodError'{0x00000000d586b720}: 'void java.lang.invoke.DirectMethodHandle$Holder.invokeInterface(java.lang.Object, java.lang.Object, java.lang.Object)'> (0x00000000d586b720) 
thrown [s\src\hotspot\share\interpreter\linkResolver.cpp, line 773]
Event: 3.841 Thread 0x000001f7719c13b0 Exception <a 'java/lang/NoSuchMethodError'{0x00000000d5c35cb8}: 'java.lang.Object java.lang.invoke.DirectMethodHandle$Holder.newInvokeSpecial(java.lang.Object, java.lang.Object, int, java.lang.Object)'> (0x00000000d5c35cb8) 
thrown [s\src\hotspot\share\interpreter\linkResolver.cpp, line 773]
Event: 3.841 Thread 0x000001f7719c13b0 Exception <a 'java/lang/NoSuchMethodError'{0x00000000d5c39ae8}: 'java.lang.Object java.lang.invoke.DirectMethodHandle$Holder.invokeSpecial(java.lang.Object, java.lang.Object, java.lang.Object, int, java.lang.Object)'> (0x00000000d5c39ae8) 
thrown [s\src\hotspot\share\interpreter\linkResolver.cpp, line 773]
Event: 3.871 Thread 0x000001f7719c13b0 Exception <a 'java/lang/NoClassDefFoundError'{0x00000000d5ce09a8}: jakarta/servlet/ServletContainerInitializer> (0x00000000d5ce09a8) 
thrown [s\src\hotspot\share\classfile\systemDictionary.cpp, line 302]
Event: 3.914 Thread 0x000001f7719c13b0 Exception <a 'java/lang/ClassNotFoundException'{0x00000000d5e359c0}: sun/util/logging/resources/spi/loggingProvider> (0x00000000d5e359c0) 
thrown [s\src\hotspot\share\classfile\systemDictionary.cpp, line 313]
Event: 6.799 Thread 0x000001f7719c13b0 Exception <a 'java/lang/NullPointerException'{0x00000000d65e0510}> (0x00000000d65e0510) 
thrown [s\src\hotspot\share\interpreter\linkResolver.cpp, line 1372]
Event: 6.799 Thread 0x000001f7719c13b0 Exception <a 'java/lang/NullPointerException'{0x00000000d65e07f0}> (0x00000000d65e07f0) 
thrown [s\src\hotspot\share\interpreter\linkResolver.cpp, line 1372]
Event: 7.073 Thread 0x000001f7719c13b0 Exception <a 'java/lang/NoSuchMethodError'{0x00000000d565c430}: 'long java.lang.invoke.DirectMethodHandle$Holder.invokeSpecial(java.lang.Object, java.lang.Object)'> (0x00000000d565c430) 
thrown [s\src\hotspot\share\interpreter\linkResolver.cpp, line 773]
Event: 7.191 Thread 0x000001f7719c13b0 Exception <a 'java/io/FileNotFoundException'{0x00000000d58a9030}> (0x00000000d58a9030) 
thrown [s\src\hotspot\share\prims\jni.cpp, line 520]
Event: 7.580 Thread 0x000001f7719c13b0 Exception <a 'java/lang/NoSuchMethodError'{0x00000000d5dd9b80}: 'java.lang.Object java.lang.invoke.Invokers$Holder.linkToTargetMethod(java.lang.Object, long, java.lang.Object)'> (0x00000000d5dd9b80) 
thrown [s\src\hotspot\share\interpreter\linkResolver.cpp, line 773]
Event: 7.770 Thread 0x000001f7719c13b0 Exception <a 'java/lang/NoSuchMethodError'{0x00000000d631edb0}: 'void java.lang.invoke.Invokers$Holder.invokeExact_MT(java.lang.Object, java.lang.Object, java.lang.Object)'> (0x00000000d631edb0) 
thrown [s\src\hotspot\share\interpreter\linkResolver.cpp, line 773]
Event: 7.951 Thread 0x000001f7719c13b0 Exception <a 'java/lang/NoSuchMethodError'{0x00000000d6626428}: 'java.lang.Object java.lang.invoke.DirectMethodHandle$Holder.invokeVirtual(java.lang.Object, java.lang.Object, java.lang.Object)'> (0x00000000d6626428) 
thrown [s\src\hotspot\share\interpreter\linkResolver.cpp, line 773]
Event: 7.954 Thread 0x000001f7719c13b0 Exception <a 'java/lang/NoSuchMethodError'{0x00000000d663e7c0}: 'java.lang.Object java.lang.invoke.DelegatingMethodHandle$Holder.reinvoke_L(java.lang.Object, java.lang.Object, java.lang.Object, java.lang.Object, int, int)'> (0x00000000d663e7c0) 
thrown [s\src\hotspot\share\interpreter\linkResolver.cpp, line 773]
Event: 7.961 Thread 0x000001f7719c13b0 Exception <a 'java/lang/NoSuchMethodError'{0x00000000d665b380}: 'java.lang.Object java.lang.invoke.DirectMethodHandle$Holder.newInvokeSpecial(java.lang.Object, java.lang.Object, java.lang.Object, java.lang.Object, java.lang.Object, java.lang.Object)'> (0x00000000d665b380) 
thrown [s\src\hotspot\share\interpreter\linkResolver.cpp, line 773]
Event: 7.971 Thread 0x000001f7719c13b0 Exception <a 'java/lang/NoSuchMethodError'{0x00000000d6687808}: 'void java.lang.invoke.Invokers$Holder.invokeExact_MT(java.lang.Object, java.lang.Object, java.lang.Object, java.lang.Object)'> (0x00000000d6687808) 
thrown [s\src\hotspot\share\interpreter\linkResolver.cpp, line 773]
Event: 8.138 Thread 0x000001f7719c13b0 Exception <a 'java/io/FileNotFoundException'{0x00000000d69663d8}> (0x00000000d69663d8) 
thrown [s\src\hotspot\share\prims\jni.cpp, line 520]
Event: 8.140 Thread 0x000001f7719c13b0 Exception <a 'java/io/FileNotFoundException'{0x00000000d6979ed8}> (0x00000000d6979ed8) 
thrown [s\src\hotspot\share\prims\jni.cpp, line 520]

ZGC Phase Switch (0 events):
No events

VM Operations (20 events):
Event: 3.954 Executing non-safepoint VM operation: HandshakeAllThreads (Deoptimize)
Event: 3.954 Executing non-safepoint VM operation: HandshakeAllThreads (Deoptimize) done
Event: 3.971 Executing non-safepoint VM operation: HandshakeAllThreads (Deoptimize)
Event: 3.971 Executing non-safepoint VM operation: HandshakeAllThreads (Deoptimize) done
Event: 4.586 Executing safepoint VM operation: ParallelGCFailedAllocation (Allocation Failure)
Event: 4.600 Executing safepoint VM operation: ParallelGCFailedAllocation (Allocation Failure) done
Event: 4.716 Executing non-safepoint VM operation: HandshakeAllThreads (Deoptimize)
Event: 4.716 Executing non-safepoint VM operation: HandshakeAllThreads (Deoptimize) done
Event: 5.725 Executing safepoint VM operation: Cleanup
Event: 5.726 Executing safepoint VM operation: Cleanup done
Event: 6.728 Executing safepoint VM operation: Cleanup
Event: 6.728 Executing safepoint VM operation: Cleanup done
Event: 6.940 Executing non-safepoint VM operation: HandshakeAllThreads (Deoptimize)
Event: 6.940 Executing non-safepoint VM operation: HandshakeAllThreads (Deoptimize) done
Event: 7.032 Executing safepoint VM operation: ParallelGCFailedAllocation (Allocation Failure)
Event: 7.038 Executing safepoint VM operation: ParallelGCFailedAllocation (Allocation Failure) done
Event: 8.047 Executing safepoint VM operation: Cleanup
Event: 8.048 Executing safepoint VM operation: Cleanup done
Event: 8.216 Executing non-safepoint VM operation: HandshakeAllThreads (Deoptimize)
Event: 8.216 Executing non-safepoint VM operation: HandshakeAllThreads (Deoptimize) done

Memory protections (0 events):
No events

Nmethod flushes (0 events):
No events

Events (20 events):
Event: 2.685 Thread 0x000001f7717f46f0 Thread exited: 0x000001f7717f46f0
Event: 2.860 Thread 0x000001f76c778070 Thread added: 0x000001f77144e960
Event: 3.049 Thread 0x000001f713523b40 Thread added: 0x000001f7719a8960
Event: 3.240 Thread 0x000001f77144e960 Thread exited: 0x000001f77144e960
Event: 3.276 Thread 0x000001f76c778070 Thread added: 0x000001f7719c13b0
Event: 3.607 Thread 0x000001f713523b40 Thread added: 0x000001f771a27800
Event: 3.693 Thread 0x000001f771a27800 Thread added: 0x000001f7719d2f30
Event: 3.697 Thread 0x000001f7719c13b0 Thread exited: 0x000001f7719c13b0
Event: 3.701 Thread 0x000001f713523b40 Thread added: 0x000001f7719c13b0
Event: 3.982 Thread 0x000001f76c778070 Thread added: 0x000001f771a7f690
Event: 3.987 Thread 0x000001f76c778070 Thread added: 0x000001f771a89dc0
Event: 4.467 Thread 0x000001f771a89dc0 Thread exited: 0x000001f771a89dc0
Event: 4.701 Thread 0x000001f7719c13b0 Thread added: 0x000001f77184cd90
Event: 4.742 Thread 0x000001f771a7f690 Thread exited: 0x000001f771a7f690
Event: 6.746 Thread 0x000001f7719c13b0 Thread added: 0x000001f771d6f780
Event: 7.097 Thread 0x000001f76c778070 Thread added: 0x000001f771a7eea0
Event: 7.099 Thread 0x000001f76c778070 Thread added: 0x000001f771cbd750
Event: 7.327 Thread 0x000001f771cbd750 Thread exited: 0x000001f771cbd750
Event: 7.566 Thread 0x000001f771a7eea0 Thread exited: 0x000001f771a7eea0
Event: 7.711 Thread 0x000001f7719c13b0 Thread added: 0x000001f771362290


Dynamic libraries:
0x00007ff6e1090000 - 0x00007ff6e109e000 	c:\Users\acer\.vscode\extensions\redhat.java-1.56.0-win32-x64\jre\21.0.12.1-win32-x86_64\bin\java.exe
0x00007ffeab000000 - 0x00007ffeab267000 	C:\Windows\SYSTEM32\ntdll.dll
0x00007ffe79920000 - 0x00007ffe79941000 	C:\Program Files\AVG\Antivirus\aswhook.dll
0x00007ffea9490000 - 0x00007ffea955b000 	C:\Windows\System32\KERNEL32.DLL
0x00007ffea8230000 - 0x00007ffea8631000 	C:\Windows\System32\KERNELBASE.dll
0x00007ffea8940000 - 0x00007ffea8a8c000 	C:\Windows\System32\ucrtbase.dll
0x00007ffe94900000 - 0x00007ffe9491e000 	c:\Users\acer\.vscode\extensions\redhat.java-1.56.0-win32-x64\jre\21.0.12.1-win32-x86_64\bin\VCRUNTIME140.dll
0x00007ffea28b0000 - 0x00007ffea28c8000 	c:\Users\acer\.vscode\extensions\redhat.java-1.56.0-win32-x64\jre\21.0.12.1-win32-x86_64\bin\jli.dll
0x00007ffeaa1a0000 - 0x00007ffeaa377000 	C:\Windows\System32\USER32.dll
0x00007ffea8200000 - 0x00007ffea8227000 	C:\Windows\System32\win32u.dll
0x00007ffe8ab10000 - 0x00007ffe8ada0000 	C:\Windows\WinSxS\amd64_microsoft.windows.common-controls_6595b64144ccf1df_6.0.26100.9549_none_3e0a0396e3330090\COMCTL32.dll
0x00007ffeaaed0000 - 0x00007ffeaaefb000 	C:\Windows\System32\GDI32.dll
0x00007ffea8aa0000 - 0x00007ffea8bc8000 	C:\Windows\System32\gdi32full.dll
0x00007ffea9030000 - 0x00007ffea90d9000 	C:\Windows\System32\msvcrt.dll
0x00007ffea8890000 - 0x00007ffea8933000 	C:\Windows\System32\msvcp_win.dll
0x00007ffea9450000 - 0x00007ffea9481000 	C:\Windows\System32\IMM32.DLL
0x00007ffea2760000 - 0x00007ffea276c000 	c:\Users\acer\.vscode\extensions\redhat.java-1.56.0-win32-x64\jre\21.0.12.1-win32-x86_64\bin\vcruntime140_1.dll
0x00007ffe59440000 - 0x00007ffe594cd000 	c:\Users\acer\.vscode\extensions\redhat.java-1.56.0-win32-x64\jre\21.0.12.1-win32-x86_64\bin\msvcp140.dll
0x00007ffdf7250000 - 0x00007ffdf7ff2000 	c:\Users\acer\.vscode\extensions\redhat.java-1.56.0-win32-x64\jre\21.0.12.1-win32-x86_64\bin\server\jvm.dll
0x00007ffeaaf00000 - 0x00007ffeaafbb000 	C:\Windows\System32\ADVAPI32.dll
0x00007ffeaa480000 - 0x00007ffeaa528000 	C:\Windows\System32\sechost.dll
0x00007ffeaa530000 - 0x00007ffeaa648000 	C:\Windows\System32\RPCRT4.dll
0x00007ffeaa110000 - 0x00007ffeaa191000 	C:\Windows\System32\WS2_32.dll
0x00007ffea8050000 - 0x00007ffea80ae000 	C:\Windows\SYSTEM32\POWRPROF.dll
0x00007ffe96bb0000 - 0x00007ffe96bbb000 	C:\Windows\SYSTEM32\VERSION.dll
0x00007ffe9db30000 - 0x00007ffe9db67000 	C:\Windows\SYSTEM32\WINMM.dll
0x00007ffea8030000 - 0x00007ffea8045000 	C:\Windows\SYSTEM32\UMPDC.dll
0x00007ffea6ea0000 - 0x00007ffea6ebb000 	C:\Windows\SYSTEM32\kernel.appcore.dll
0x00007ffe96ef0000 - 0x00007ffe96efa000 	c:\Users\acer\.vscode\extensions\redhat.java-1.56.0-win32-x64\jre\21.0.12.1-win32-x86_64\bin\jimage.dll
0x00007ffea5650000 - 0x00007ffea589c000 	C:\Windows\SYSTEM32\DBGHELP.DLL
0x00007ffea9d80000 - 0x00007ffeaa10a000 	C:\Windows\System32\combase.dll
0x00007ffea97f0000 - 0x00007ffea98c9000 	C:\Windows\System32\OLEAUT32.dll
0x00007ffe94b00000 - 0x00007ffe94b3b000 	C:\Windows\SYSTEM32\dbgcore.DLL
0x00007ffea8640000 - 0x00007ffea86ec000 	C:\Windows\System32\bcryptPrimitives.dll
0x00007ffe94990000 - 0x00007ffe9499f000 	c:\Users\acer\.vscode\extensions\redhat.java-1.56.0-win32-x64\jre\21.0.12.1-win32-x86_64\bin\instrument.dll
0x00007ffe94760000 - 0x00007ffe94780000 	c:\Users\acer\.vscode\extensions\redhat.java-1.56.0-win32-x64\jre\21.0.12.1-win32-x86_64\bin\java.dll
0x00007ffeaa650000 - 0x00007ffeaadec000 	C:\Windows\System32\SHELL32.dll
0x00007ffea5c20000 - 0x00007ffea64cd000 	C:\Windows\SYSTEM32\windows.storage.dll
0x00007ffeaa380000 - 0x00007ffeaa479000 	C:\Windows\System32\SHCORE.dll
0x00007ffea9660000 - 0x00007ffea96c6000 	C:\Windows\System32\shlwapi.dll
0x00007ffea8110000 - 0x00007ffea8139000 	C:\Windows\SYSTEM32\profapi.dll
0x00007ffe94740000 - 0x00007ffe94758000 	c:\Users\acer\.vscode\extensions\redhat.java-1.56.0-win32-x64\jre\21.0.12.1-win32-x86_64\bin\zip.dll
0x00007ffe94730000 - 0x00007ffe94740000 	C:\Users\acer\.vscode\extensions\redhat.java-1.56.0-win32-x64\jre\21.0.12.1-win32-x86_64\bin\net.dll
0x00007ffe97290000 - 0x00007ffe973ba000 	C:\Windows\SYSTEM32\WINHTTP.dll
0x00007ffea7460000 - 0x00007ffea74cc000 	C:\Windows\system32\mswsock.dll
0x00007ffe94430000 - 0x00007ffe94446000 	C:\Users\acer\.vscode\extensions\redhat.java-1.56.0-win32-x64\jre\21.0.12.1-win32-x86_64\bin\nio.dll
0x00007ffe94890000 - 0x00007ffe948a0000 	c:\Users\acer\.vscode\extensions\redhat.java-1.56.0-win32-x64\jre\21.0.12.1-win32-x86_64\bin\verify.dll
0x00007ffe32130000 - 0x00007ffe32175000 	C:\Users\acer\AppData\Roaming\Code\User\globalStorage\redhat.java\1.56.0\config_win\org.eclipse.equinox.launcher\org.eclipse.equinox.launcher.win32.win32.x86_64_1.3.100.v20260804-1928\eclipse_11924.dll
0x00007ffea8d20000 - 0x00007ffea8eba000 	C:\Windows\System32\ole32.dll

JVMTI agents:
c:\Users\acer\.vscode\extensions\redhat.java-1.56.0-win32-x64\lombok\lombok-1.18.39-4050.jar path:c:\Users\acer\.vscode\extensions\redhat.java-1.56.0-win32-x64\jre\21.0.12.1-win32-x86_64\bin\instrument.dll, loaded, initialized, instrumentlib options:none

dbghelp: loaded successfully - version: 4.0.5 - missing functions: none
symbol engine: initialized successfully - sym options: 0x614 - pdb path: .;c:\Users\acer\.vscode\extensions\redhat.java-1.56.0-win32-x64\jre\21.0.12.1-win32-x86_64\bin;C:\Windows\SYSTEM32;C:\Program Files\AVG\Antivirus;C:\Windows\WinSxS\amd64_microsoft.windows.common-controls_6595b64144ccf1df_6.0.26100.9549_none_3e0a0396e3330090;c:\Users\acer\.vscode\extensions\redhat.java-1.56.0-win32-x64\jre\21.0.12.1-win32-x86_64\bin\server;C:\Users\acer\AppData\Roaming\Code\User\globalStorage\redhat.java\1.56.0\config_win\org.eclipse.equinox.launcher\org.eclipse.equinox.launcher.win32.win32.x86_64_1.3.100.v20260804-1928

VM Arguments:
jvm_args: --add-modules=ALL-SYSTEM --add-opens=java.base/java.util=ALL-UNNAMED --add-opens=java.base/java.lang=ALL-UNNAMED --add-opens=java.base/sun.nio.fs=ALL-UNNAMED -Declipse.application=org.eclipse.jdt.ls.core.id1 -Dosgi.bundles.defaultStartLevel=4 -Declipse.product=org.eclipse.jdt.ls.core.product -Djava.import.generatesMetadataFilesAtProjectRoot=false -Dm2e.project.cache.size=50 -DDetectVMInstallationsJob.disabled=true -Dfile.encoding=utf8 -XX:+UseParallelGC -XX:GCTimeRatio=4 -XX:AdaptiveSizePolicyWeight=90 -Dsun.zip.disableMemoryMapping=true -Xmx2G -Xms100m -Xlog:disable -javaagent:c:\Users\acer\.vscode\extensions\redhat.java-1.56.0-win32-x64\lombok\lombok-1.18.39-4050.jar -XX:+HeapDumpOnOutOfMemoryError -XX:HeapDumpPath=c:\Users\acer\AppData\Roaming\Code\User\workspaceStorage\f81792bce3518f49dc127177c5519470\redhat.java -Daether.dependencyCollector.impl=bf 
java_command: c:\Users\acer\.vscode\extensions\redhat.java-1.56.0-win32-x64\server\plugins\org.eclipse.equinox.launcher_1.8.0.v20260804-1928.jar -configuration c:\Users\acer\AppData\Roaming\Code\User\globalStorage\redhat.java\1.56.0\config_win -data c:\Users\acer\AppData\Roaming\Code\User\workspaceStorage\f81792bce3518f49dc127177c5519470\redhat.java\jdt_ws --pipe=\\.\pipe\lsp-1f0276e674be934e108674982b263a88-sock
java_class_path (initial): c:\Users\acer\.vscode\extensions\redhat.java-1.56.0-win32-x64\server\plugins\org.eclipse.equinox.launcher_1.8.0.v20260804-1928.jar
Launcher Type: SUN_STANDARD

[Global flags]
    uintx AdaptiveSizePolicyWeight                 = 90                                        {product} {command line}
     intx CICompilerCount                          = 4                                         {product} {ergonomic}
    uintx GCTimeRatio                              = 4                                         {product} {command line}
     bool HeapDumpOnOutOfMemoryError               = true                                   {manageable} {command line}
    ccstr HeapDumpPath                             = c:\Users\acer\AppData\Roaming\Code\User\workspaceStorage\f81792bce3518f49dc127177c5519470\redhat.java         {manageable} {command line}
   size_t InitialHeapSize                          = 104857600                                 {product} {command line}
   size_t MaxHeapSize                              = 2147483648                                {product} {command line}
   size_t MaxNewSize                               = 715653120                                 {product} {ergonomic}
   size_t MinHeapDeltaBytes                        = 524288                                    {product} {ergonomic}
   size_t MinHeapSize                              = 104857600                                 {product} {command line}
   size_t NewSize                                  = 34603008                                  {product} {ergonomic}
    uintx NonNMethodCodeHeapSize                   = 5839372                                {pd product} {ergonomic}
    uintx NonProfiledCodeHeapSize                  = 122909434                              {pd product} {ergonomic}
   size_t OldSize                                  = 70254592                                  {product} {ergonomic}
    uintx ProfiledCodeHeapSize                     = 122909434                              {pd product} {ergonomic}
    uintx ReservedCodeCacheSize                    = 251658240                              {pd product} {ergonomic}
     bool SegmentedCodeCache                       = true                                      {product} {ergonomic}
   size_t SoftMaxHeapSize                          = 2147483648                             {manageable} {ergonomic}
     bool UseCompressedOops                        = true                           {product lp64_product} {ergonomic}
     bool UseLargePagesIndividualAllocation        = false                                  {pd product} {ergonomic}
     bool UseParallelGC                            = true                                      {product} {command line}

Logging:
Log output configuration:
 #0: stdout all=off uptime,level,tags foldmultilines=false
 #1: stderr all=off uptime,level,tags foldmultilines=false

Release file:
JAVA_VERSION="21.0.12.1" 
MODULES="java.base java.compiler java.datatransfer java.xml java.prefs java.desktop java.instrument java.logging java.management java.security.sasl java.naming java.rmi java.management.rmi java.net.http java.scripting java.security.jgss java.transaction.xa java.sql java.sql.rowset java.xml.crypto java.se java.smartcardio jdk.accessibility jdk.internal.jvmstat jdk.attach jdk.charsets jdk.internal.opt jdk.zipfs jdk.compiler jdk.crypto.ec jdk.crypto.cryptoki jdk.crypto.mscapi jdk.dynalink jdk.internal.ed jdk.editpad jdk.hotspot.agent jdk.httpserver jdk.internal.le jdk.internal.vm.ci jdk.internal.vm.compiler jdk.internal.vm.compiler.management jdk.jartool jdk.javadoc jdk.jcmd jdk.management jdk.management.agent jdk.jconsole jdk.jdeps jdk.jdwp.agent jdk.jdi jdk.jfr jdk.jshell jdk.jsobject jdk.jstatd jdk.localedata jdk.management.jfr jdk.naming.dns jdk.naming.rmi jdk.net jdk.nio.mapmode jdk.random jdk.sctp jdk.security.auth jdk.security.jgss jdk.unsupported jdk.unsupported.desktop jdk.xml.dom" 

Environment Variables:
JAVA_HOME=C:\Program Files\Java\jdk-26.0.2.1
PATH=C:\Program Files\Common Files\Oracle\Java\javapath;C:\Windows\system32;C:\Windows;C:\Windows\System32\Wbem;C:\Windows\System32\WindowsPowerShell\v1.0\;C:\Windows\System32\OpenSSH\;C:\Program Files\dotnet\;C:\Users\acer\AppData\Local\Programs\Python\Launcher\;C:\Users\acer\.local\bin;C:\Users\acer\AppData\Local\Microsoft\WindowsApps;C:\Users\acer\AppData\Local\Programs\Microsoft VS Code\bin;C:\Users\acer\AppData\Local\Python\bin;C:\Users\acer\AppData\Local\Programs\Antigravity\bin;C:\Program Files\Java\jdk-26.0.2.1\bin;C:\Program Files\Git\cmd;C:\Program Files\nodejs\;C:\Users\acer\AppData\Local\Programs\Python\Launcher\;C:\Users\acer\.local\bin;C:\Users\acer\AppData\Local\Microsoft\WindowsApps;C:\Users\acer\AppData\Local\Programs\Microsoft VS Code\bin;C:\Users\acer\AppData\Local\Python\bin;C:\Users\acer\AppData\Local\Programs\Antigravity\bin;C:\Users\acer\AppData\Roaming\npm;C:\Users\acer\Downloads\apache-maven-3.9.16-bin;
USERNAME=acer
OS=Windows_NT
PROCESSOR_IDENTIFIER=Intel64 Family 6 Model 190 Stepping 0, GenuineIntel
TMP=C:\Users\acer\AppData\Local\Temp
TEMP=C:\Users\acer\AppData\Local\Temp




Periodic native trim disabled

---------------  S Y S T E M  ---------------

OS:
 Windows 11 , 64 bit Build 26100 (10.0.26100.9549)
OS uptime: 0 days 15:38 hours
Hyper-V role detected

CPU: total 8 (initial active 8) (8 cores per cpu, 1 threads per core) family 6 model 190 stepping 0 microcode 0x11, cx8, cmov, fxsr, mmx, 3dnowpref, sse, sse2, sse3, ssse3, sse4.1, sse4.2, popcnt, lzcnt, tsc, tscinvbit, avx, avx2, aes, erms, clmul, bmi1, bmi2, adx, sha, fma, vzeroupper, clflush, clflushopt, clwb, hv, serialize, rdtscp, rdpid, fsrm, f16c, cet_ibt, cet_ss
Processor Information for the first 8 processors :
  Max Mhz: 1800, Current Mhz: 1800, Mhz Limit: 1800

Memory: 4k page, system-wide physical 7931M (863M free)
TotalPageFile size 17363M (AvailPageFile size 6M)
current process WorkingSet (physical memory assigned to process): 121M, peak: 121M
current process commit charge ("private bytes"): 259M, peak: 259M

vm_info: OpenJDK 64-Bit Server VM (21.0.12.1+1-LTS) for windows-amd64 JRE (21.0.12.1+1-LTS), built on 2026-08-18T00:00:00Z by "admin" with MS VC++ 17.12 (VS2022)

END.
