#
# There is insufficient memory for the Java Runtime Environment to continue.
# Native memory allocation (malloc) failed to allocate 13280152 bytes. Error detail: Chunk::new
# Possible reasons:
#   The system is out of physical RAM or swap space
#   This process is running with CompressedOops enabled, and the Java Heap may be blocking the growth of the native heap
# Possible solutions:
#   Reduce memory load on the system
#   Increase physical memory or swap space
#   Check if swap backing store is full
#   Decrease Java heap size (-Xmx/-Xms)
#   Decrease number of Java threads
#   Decrease Java thread stack sizes (-Xss)
#   Set larger code cache with -XX:ReservedCodeCacheSize=
#   JVM is running with Unscaled Compressed Oops mode in which the Java heap is
#     placed in the first 4GB address space. The Java Heap base address is the
#     maximum limit for the native heap growth. Please use -XX:HeapBaseMinAddress
#     to set the Java Heap base and to place the Java Heap above 4GB virtual address.
# This output file may be truncated or incomplete.
#
#  Out of Memory Error (arena.cpp:193), pid=26064, tid=22168
#
# JRE version: Java(TM) SE Runtime Environment (26.0.2.1+1) (build 26.0.2.1+1-7)
# Java VM: Java HotSpot(TM) 64-Bit Server VM (26.0.2.1+1-7, mixed mode, sharing, tiered, compressed oops, compressed class ptrs, g1 gc, windows-amd64)
# No core dump will be written. Minidumps are not enabled by default on client versions of Windows
#

---------------  S U M M A R Y ------------

Command Line: --enable-native-access=ALL-UNNAMED -Dclassworlds.conf=C:\Users\acer\.m2\wrapper\dists\apache-maven-3.9.16\0daed3be3ebd1c706f0e69e8b07c6b73f5cc4ea3dfce72a8d0ec2e849ca2ddb0\bin\m2.conf -Dmaven.home=C:\Users\acer\.m2\wrapper\dists\apache-maven-3.9.16\0daed3be3ebd1c706f0e69e8b07c6b73f5cc4ea3dfce72a8d0ec2e849ca2ddb0 -Dlibrary.jansi.path=C:\Users\acer\.m2\wrapper\dists\apache-maven-3.9.16\0daed3be3ebd1c706f0e69e8b07c6b73f5cc4ea3dfce72a8d0ec2e849ca2ddb0\lib\jansi-native -Dmaven.multiModuleProjectDirectory=C:\Users\acer\Desktop\STUDENT org.codehaus.plexus.classworlds.launcher.Launcher clean package

Host: Intel(R) Core(TM) i3-N305, 8 cores, 7G,  Windows 11 , 64 bit Build 26100 (10.0.26100.9549)
Time: Fri Oct  2 13:06:21 2026 India Standard Time elapsed time: 12.935303 seconds (0d 0h 0m 12s)

---------------  T H R E A D  ---------------

Current thread (0x0000013f1575bb20):  JavaThread "C2 CompilerThread1" daemon [_thread_in_native, id=22168, stack(0x000000375ab00000,0x000000375ac00000) (1024K)]


Current CompileTask:
C2:12935 7696   !   4       java.nio.file.FileTreeWalker::getAttributes (94 bytes)

Stack: [0x000000375ab00000,0x000000375ac00000]
Native frames: (J=compiled Java code, j=interpreted, Vv=VM code, C=native code)
V  [jvm.dll+0x7d6ea9]  (no source info available)
V  [jvm.dll+0x7a4dcd]  (no source info available)
V  [jvm.dll+0x9b2390]  (no source info available)
V  [jvm.dll+0x9b47e1]  (no source info available)
V  [jvm.dll+0x9b4ef3]  (no source info available)
V  [jvm.dll+0x30f4d6]  (no source info available)
V  [jvm.dll+0x11ddb6]  (no source info available)
V  [jvm.dll+0x11e0de]  (no source info available)
V  [jvm.dll+0x1b00f6]  (no source info available)
V  [jvm.dll+0x3cc262]  (no source info available)
V  [jvm.dll+0x7dfaa2]  (no source info available)
V  [jvm.dll+0x2d2947]  (no source info available)
V  [jvm.dll+0x2d18bf]  (no source info available)
V  [jvm.dll+0x246d30]  (no source info available)
V  [jvm.dll+0x2e19dc]  (no source info available)
V  [jvm.dll+0x2dfbbd]  (no source info available)
V  [jvm.dll+0x4a5a61]  (no source info available)
V  [jvm.dll+0x950d59]  (no source info available)
V  [jvm.dll+0x7d8988]  (no source info available)
C  [ucrtbase.dll+0x2cd30]  (no source info available)
C  [KERNEL32.DLL+0x2cdf7]  (no source info available)
C  [ntdll.dll+0x7ee4c]  (no source info available)

Lock stack of current Java thread (top to bottom):


---------------  P R O C E S S  ---------------

Threads class SMR info:
_java_thread_list=0x0000013f0f6f2140, length=13, elements={
0x0000013f6bda5e70, 0x0000013f7c611b40, 0x0000013f7c613100, 0x0000013f7c617e50,
0x0000013f7c619180, 0x0000013f7c622ec0, 0x0000013f7c6283f0, 0x0000013f7c63c750,
0x0000013f7c646f90, 0x0000013f7c62a330, 0x0000013f7c627450, 0x0000013f14833450,
0x0000013f1575bb20
}

Java Threads: ( => current thread )
  0x0000013f6bda5e70 JavaThread "main"                              [_thread_in_Java, id=26084, stack(0x0000003759000000,0x0000003759100000) (1024K)]
  0x0000013f7c611b40 JavaThread "Reference Handler"          daemon [_thread_blocked, id=20664, stack(0x0000003759900000,0x0000003759a00000) (1024K)]
  0x0000013f7c613100 JavaThread "Finalizer"                  daemon [_thread_blocked, id=25820, stack(0x0000003759a00000,0x0000003759b00000) (1024K)]
  0x0000013f7c617e50 JavaThread "Signal Dispatcher"          daemon [_thread_blocked, id=16680, stack(0x0000003759b00000,0x0000003759c00000) (1024K)]
  0x0000013f7c619180 JavaThread "Attach Listener"            daemon [_thread_blocked, id=10032, stack(0x0000003759c00000,0x0000003759d00000) (1024K)]
  0x0000013f7c622ec0 JavaThread "Service Thread"             daemon [_thread_blocked, id=19736, stack(0x0000003759d00000,0x0000003759e00000) (1024K)]
  0x0000013f7c6283f0 JavaThread "Monitor Deflation Thread"   daemon [_thread_blocked, id=11280, stack(0x0000003759e00000,0x0000003759f00000) (1024K)]
  0x0000013f7c63c750 JavaThread "C2 CompilerThread0"         daemon [_thread_in_native, id=5360, stack(0x0000003759f00000,0x000000375a000000) (1024K)]
  0x0000013f7c646f90 JavaThread "C1 CompilerThread0"         daemon [_thread_blocked, id=21940, stack(0x000000375a000000,0x000000375a100000) (1024K)]
  0x0000013f7c62a330 JavaThread "Notification Thread"        daemon [_thread_blocked, id=23600, stack(0x000000375a100000,0x000000375a200000) (1024K)]
  0x0000013f7c627450 JavaThread "Common-Cleaner"             daemon [_thread_blocked, id=24616, stack(0x000000375a200000,0x000000375a300000) (1024K)]
  0x0000013f14833450 JavaThread "Thread-1"                   daemon [_thread_blocked, id=7496, stack(0x000000375aa00000,0x000000375ab00000) (1024K)]
=>0x0000013f1575bb20 JavaThread "C2 CompilerThread1"         daemon [_thread_in_native, id=22168, stack(0x000000375ab00000,0x000000375ac00000) (1024K)]
Total: 13

Other Threads:
  0x0000013f7c605090 VMThread "VM Thread"                           [id=25632, stack(0x0000003759800000,0x0000003759900000) (1024K)]
  0x0000013f7c5f0020 WatcherThread "VM Periodic Task Thread"        [id=14028, stack(0x0000003759700000,0x0000003759800000) (1024K)]
  0x0000013f6e1f3720 WorkerThread "GC Thread#0"                     [id=14356, stack(0x0000003759100000,0x0000003759200000) (1024K)]
  0x0000013f0f8b38d0 WorkerThread "GC Thread#1"                     [id=14672, stack(0x000000375a400000,0x000000375a500000) (1024K)]
  0x0000013f0fcee7f0 WorkerThread "GC Thread#2"                     [id=2272, stack(0x000000375a500000,0x000000375a600000) (1024K)]
  0x0000013f142204f0 WorkerThread "GC Thread#3"                     [id=8316, stack(0x000000375a700000,0x000000375a800000) (1024K)]
  0x0000013f144be120 WorkerThread "GC Thread#4"                     [id=18936, stack(0x000000375a300000,0x000000375a400000) (1024K)]
  0x0000013f144bed50 WorkerThread "GC Thread#5"                     [id=2820, stack(0x000000375a600000,0x000000375a700000) (1024K)]
  0x0000013f14202600 WorkerThread "GC Thread#6"                     [id=20056, stack(0x000000375a800000,0x000000375a900000) (1024K)]
  0x0000013f14203b90 WorkerThread "GC Thread#7"                     [id=15948, stack(0x000000375a900000,0x000000375aa00000) (1024K)]
  0x0000013f6e228da0 ConcurrentGCThread "G1 Main Marker"            [id=21384, stack(0x0000003759200000,0x0000003759300000) (1024K)]
  0x0000013f6e22dee0 WorkerThread "G1 Conc#0"                       [id=20736, stack(0x0000003759300000,0x0000003759400000) (1024K)]
  0x0000013f14203740 WorkerThread "G1 Conc#1"                       [id=860, stack(0x000000375ad00000,0x000000375ae00000) (1024K)]
  0x0000013f6e26af40 WorkerThread "G1 Refinement Workers#0"         [id=24784, stack(0x0000003759500000,0x0000003759600000) (1024K)]
  0x0000013f6e26a580 ConcurrentGCThread "G1 Refine Control"         [id=14488, stack(0x0000003759400000,0x0000003759500000) (1024K)]
  0x0000013f6e26d710 ConcurrentGCThread "G1 Service"                [id=5136, stack(0x0000003759600000,0x0000003759700000) (1024K)]
Total: 16

Threads with active compile tasks:
C2 CompilerThread0  13140 7714   !   4       java.nio.file.FileTreeWalker::next (131 bytes)
C2 CompilerThread1  13141 7696   !   4       java.nio.file.FileTreeWalker::getAttributes (94 bytes)
Total: 2

VM state: not at safepoint (normal execution)

VM Mutex/Monitor currently owned by a thread: None

Heap address: 0x0000000084000000, size: 1984 MB, Compressed Oops mode: 32-bit

CDS archive(s) mapped at: [0x0000000039000000-0x0000000039de0000-0x0000000039de0000), size 14548992, SharedBaseAddress: 0x0000000039000000, ArchiveRelocationMode: 1.
Compressed class space mapped at: 0x000000003a000000-0x000000007a000000, reserved size: 1073741824
UseCompressedClassPointers 1, UseCompactObjectHeaders 0
Narrow klass pointer bits 32, Max shift 3
Narrow klass base: 0x0000000039000000, Narrow klass shift: 0
Encoding Range: [0x0000000039000000 - 0x0000000139000000), (4294967296 bytes)
Klass Range:    [0x0000000039000000 - 0x000000007a000000), (1090519040 bytes)
Klass ID Range:  [8 - 1090519033) (1090519025)
Protection zone: [0x0000000039000000 - 0x0000000039010000), (65536 bytes)

GC Precious Log:
 CardTable entry size: 512
 Card Set container configuration: InlinePtr #cards 5 size 8 Array Of Cards #cards 10 size 36 Howl #buckets 4 coarsen threshold 1843 Howl Bitmap #cards 512 size 80 coarsen threshold 460 Card regions per heap region 1 cards per card region 2048
 CPUs: 8 total, 8 available
 Memory: 7931M
 Large Page Support: Disabled
 NUMA Support: Disabled
 Compressed Oops: Enabled (32-bit)
 Heap Region Size: 1M
 Heap Min Capacity: 8M
 Heap Initial Capacity: 8M
 Heap Max Capacity: 1984M
 Pre-touch: Disabled
 Parallel Workers: 8
 Concurrent Workers: 2
 Concurrent Refinement Workers: 8
 Periodic GC: Disabled

Heap:
 garbage-first heap   total reserved 2031616K, committed 178176K, used 117440K [0x0000000084000000, 0x0000000100000000)
  region size 1M, 67 eden (67M), 1 survivor (1M), 38 old (38M), 11 humongous (11M), 57 free (57M)

Heap Regions: E=young(eden), S=young(survivor), O=old, HS=humongous(starts), HC=humongous(continues), CS=collection set, F=free, TAMS=top-at-mark-start, PB=parsable bottom
|    0|0x0000000084000000, 0x0000000084100000, 0x0000000084100000|100%| O|  |TAMS 0x0000000084000000| PB 0x0000000084000000| Untracked |  0
|    1|0x0000000084100000, 0x0000000084200000, 0x0000000084200000|100%| O|  |TAMS 0x0000000084100000| PB 0x0000000084100000| Untracked |  0
|    2|0x0000000084200000, 0x0000000084300000, 0x0000000084300000|100%| O|  |TAMS 0x0000000084200000| PB 0x0000000084200000| Untracked |  0
|    3|0x0000000084300000, 0x0000000084400000, 0x0000000084400000|100%| O|  |TAMS 0x0000000084300000| PB 0x0000000084300000| Untracked |  0
|    4|0x0000000084400000, 0x0000000084500000, 0x0000000084500000|100%| O|  |TAMS 0x0000000084400000| PB 0x0000000084400000| Untracked |  0
|    5|0x0000000084500000, 0x0000000084600000, 0x0000000084600000|100%| O|  |TAMS 0x0000000084500000| PB 0x0000000084500000| Untracked |  0
|    6|0x0000000084600000, 0x0000000084700000, 0x0000000084700000|100%| O|  |TAMS 0x0000000084600000| PB 0x0000000084600000| Untracked |  0
|    7|0x0000000084700000, 0x0000000084800000, 0x0000000084800000|100%| O|  |TAMS 0x0000000084700000| PB 0x0000000084700000| Untracked |  0
|    8|0x0000000084800000, 0x0000000084900000, 0x0000000084900000|100%| O|  |TAMS 0x0000000084800000| PB 0x0000000084800000| Untracked |  0
|    9|0x0000000084900000, 0x0000000084a00000, 0x0000000084a00000|100%| O|  |TAMS 0x0000000084900000| PB 0x0000000084900000| Untracked |  0
|   10|0x0000000084a00000, 0x0000000084b00000, 0x0000000084b00000|100%| O|  |TAMS 0x0000000084a00000| PB 0x0000000084a00000| Untracked |  0
|   11|0x0000000084b00000, 0x0000000084c00000, 0x0000000084c00000|100%| O|  |TAMS 0x0000000084b00000| PB 0x0000000084b00000| Untracked |  0
|   12|0x0000000084c00000, 0x0000000084d00000, 0x0000000084d00000|100%| O|  |TAMS 0x0000000084c00000| PB 0x0000000084c00000| Untracked |  0
|   13|0x0000000084d00000, 0x0000000084e00000, 0x0000000084e00000|100%| O|  |TAMS 0x0000000084d00000| PB 0x0000000084d00000| Untracked |  0
|   14|0x0000000084e00000, 0x0000000084f00000, 0x0000000084f00000|100%|HS|  |TAMS 0x0000000084e00000| PB 0x0000000084e00000| Complete  |  0
|   15|0x0000000084f00000, 0x0000000085000000, 0x0000000085000000|100%|HS|  |TAMS 0x0000000084f00000| PB 0x0000000084f00000| Complete  |  0
|   16|0x0000000085000000, 0x0000000085100000, 0x0000000085100000|100%|HS|  |TAMS 0x0000000085000000| PB 0x0000000085000000| Complete  |  0
|   17|0x0000000085100000, 0x0000000085200000, 0x0000000085200000|100%|HS|  |TAMS 0x0000000085100000| PB 0x0000000085100000| Complete  |  0
|   18|0x0000000085200000, 0x0000000085300000, 0x0000000085300000|100%|HC|  |TAMS 0x0000000085200000| PB 0x0000000085200000| Complete  |  0
|   19|0x0000000085300000, 0x0000000085400000, 0x0000000085400000|100%|HC|  |TAMS 0x0000000085300000| PB 0x0000000085300000| Complete  |  0
|   20|0x0000000085400000, 0x0000000085500000, 0x0000000085500000|100%|HS|  |TAMS 0x0000000085400000| PB 0x0000000085400000| Complete  |  0
|   21|0x0000000085500000, 0x0000000085600000, 0x0000000085600000|100%| O|  |TAMS 0x0000000085500000| PB 0x0000000085500000| Untracked |  0
|   22|0x0000000085600000, 0x0000000085700000, 0x0000000085700000|100%| O|  |TAMS 0x0000000085600000| PB 0x0000000085600000| Untracked |  0
|   23|0x0000000085700000, 0x0000000085800000, 0x0000000085800000|100%|HS|  |TAMS 0x0000000085700000| PB 0x0000000085700000| Complete  |  0
|   24|0x0000000085800000, 0x0000000085900000, 0x0000000085900000|100%| O|  |TAMS 0x0000000085800000| PB 0x0000000085800000| Untracked |  0
|   25|0x0000000085900000, 0x0000000085a00000, 0x0000000085a00000|100%| O|  |TAMS 0x0000000085900000| PB 0x0000000085900000| Untracked |  0
|   26|0x0000000085a00000, 0x0000000085b00000, 0x0000000085b00000|100%| O|  |TAMS 0x0000000085a00000| PB 0x0000000085a00000| Untracked |  0
|   27|0x0000000085b00000, 0x0000000085c00000, 0x0000000085c00000|100%| O|  |TAMS 0x0000000085b00000| PB 0x0000000085b00000| Untracked |  0
|   28|0x0000000085c00000, 0x0000000085d00000, 0x0000000085d00000|100%| O|  |TAMS 0x0000000085c00000| PB 0x0000000085c00000| Untracked |  0
|   29|0x0000000085d00000, 0x0000000085e00000, 0x0000000085e00000|100%| O|  |TAMS 0x0000000085d00000| PB 0x0000000085d00000| Untracked |  0
|   30|0x0000000085e00000, 0x0000000085f00000, 0x0000000085f00000|100%| O|  |TAMS 0x0000000085e00000| PB 0x0000000085e00000| Untracked |  0
|   31|0x0000000085f00000, 0x0000000086000000, 0x0000000086000000|100%| O|  |TAMS 0x0000000085f00000| PB 0x0000000085f00000| Untracked |  0
|   32|0x0000000086000000, 0x0000000086100000, 0x0000000086100000|100%| O|  |TAMS 0x0000000086000000| PB 0x0000000086000000| Untracked |  0
|   33|0x0000000086100000, 0x0000000086200000, 0x0000000086200000|100%| O|  |TAMS 0x0000000086100000| PB 0x0000000086100000| Untracked |  0
|   34|0x0000000086200000, 0x0000000086300000, 0x0000000086300000|100%| O|  |TAMS 0x0000000086200000| PB 0x0000000086200000| Untracked |  0
|   35|0x0000000086300000, 0x00000000863f3c00, 0x0000000086400000| 95%| O|  |TAMS 0x0000000086300000| PB 0x0000000086300000| Untracked |  0
|   36|0x0000000086400000, 0x0000000086500000, 0x0000000086500000|100%| O|  |TAMS 0x0000000086400000| PB 0x0000000086400000| Untracked |  0
|   37|0x0000000086500000, 0x0000000086600000, 0x0000000086600000|100%| O|  |TAMS 0x0000000086500000| PB 0x0000000086500000| Untracked |  0
|   38|0x0000000086600000, 0x0000000086700000, 0x0000000086700000|100%| O|  |TAMS 0x0000000086600000| PB 0x0000000086600000| Untracked |  0
|   39|0x0000000086700000, 0x0000000086800000, 0x0000000086800000|100%| O|Cm|TAMS 0x0000000086700000| PB 0x0000000086700000| Complete  |  0
|   40|0x0000000086800000, 0x0000000086900000, 0x0000000086900000|100%| O|  |TAMS 0x0000000086800000| PB 0x0000000086800000| Untracked |  0
|   41|0x0000000086900000, 0x0000000086a00000, 0x0000000086a00000|100%| O|  |TAMS 0x0000000086900000| PB 0x0000000086900000| Untracked |  0
|   42|0x0000000086a00000, 0x0000000086b00000, 0x0000000086b00000|100%| O|  |TAMS 0x0000000086a00000| PB 0x0000000086a00000| Untracked |  0
|   43|0x0000000086b00000, 0x0000000086c00000, 0x0000000086c00000|100%| O|  |TAMS 0x0000000086b00000| PB 0x0000000086b00000| Untracked |  0
|   44|0x0000000086c00000, 0x0000000086d00000, 0x0000000086d00000|100%| O|Cm|TAMS 0x0000000086c00000| PB 0x0000000086c00000| Complete  |  0
|   45|0x0000000086d00000, 0x0000000086e00000, 0x0000000086e00000|100%|HS|  |TAMS 0x0000000086d00000| PB 0x0000000086d00000| Complete  |  0
|   46|0x0000000086e00000, 0x0000000086f00000, 0x0000000086f00000|100%|HC|  |TAMS 0x0000000086e00000| PB 0x0000000086e00000| Complete  |  0
|   47|0x0000000086f00000, 0x0000000087000000, 0x0000000087000000|100%|HC|  |TAMS 0x0000000086f00000| PB 0x0000000086f00000| Complete  |  0
|   48|0x0000000087000000, 0x00000000870bc698, 0x0000000087100000| 73%| S|CS|TAMS 0x0000000087000000| PB 0x0000000087000000| Complete  |  0
|   49|0x0000000087100000, 0x0000000087100000, 0x0000000087200000|  0%| F|  |TAMS 0x0000000087100000| PB 0x0000000087100000| Untracked |  0
|   50|0x0000000087200000, 0x0000000087200000, 0x0000000087300000|  0%| F|  |TAMS 0x0000000087200000| PB 0x0000000087200000| Untracked |  0
|   51|0x0000000087300000, 0x0000000087300000, 0x0000000087400000|  0%| F|  |TAMS 0x0000000087300000| PB 0x0000000087300000| Untracked |  0
|   52|0x0000000087400000, 0x0000000087400000, 0x0000000087500000|  0%| F|  |TAMS 0x0000000087400000| PB 0x0000000087400000| Untracked |  0
|   53|0x0000000087500000, 0x0000000087500000, 0x0000000087600000|  0%| F|  |TAMS 0x0000000087500000| PB 0x0000000087500000| Untracked |  0
|   54|0x0000000087600000, 0x0000000087600000, 0x0000000087700000|  0%| F|  |TAMS 0x0000000087600000| PB 0x0000000087600000| Untracked |  0
|   55|0x0000000087700000, 0x0000000087700000, 0x0000000087800000|  0%| F|  |TAMS 0x0000000087700000| PB 0x0000000087700000| Untracked |  0
|   56|0x0000000087800000, 0x0000000087800000, 0x0000000087900000|  0%| F|  |TAMS 0x0000000087800000| PB 0x0000000087800000| Untracked |  0
|   57|0x0000000087900000, 0x0000000087900000, 0x0000000087a00000|  0%| F|  |TAMS 0x0000000087900000| PB 0x0000000087900000| Untracked |  0
|   58|0x0000000087a00000, 0x0000000087a00000, 0x0000000087b00000|  0%| F|  |TAMS 0x0000000087a00000| PB 0x0000000087a00000| Untracked |  0
|   59|0x0000000087b00000, 0x0000000087b00000, 0x0000000087c00000|  0%| F|  |TAMS 0x0000000087b00000| PB 0x0000000087b00000| Untracked |  0
|   60|0x0000000087c00000, 0x0000000087c00000, 0x0000000087d00000|  0%| F|  |TAMS 0x0000000087c00000| PB 0x0000000087c00000| Untracked |  0
|   61|0x0000000087d00000, 0x0000000087d00000, 0x0000000087e00000|  0%| F|  |TAMS 0x0000000087d00000| PB 0x0000000087d00000| Untracked |  0
|   62|0x0000000087e00000, 0x0000000087e00000, 0x0000000087f00000|  0%| F|  |TAMS 0x0000000087e00000| PB 0x0000000087e00000| Untracked |  0
|   63|0x0000000087f00000, 0x0000000087f00000, 0x0000000088000000|  0%| F|  |TAMS 0x0000000087f00000| PB 0x0000000087f00000| Untracked |  0
|   64|0x0000000088000000, 0x0000000088000000, 0x0000000088100000|  0%| F|  |TAMS 0x0000000088000000| PB 0x0000000088000000| Untracked |  0
|   65|0x0000000088100000, 0x0000000088100000, 0x0000000088200000|  0%| F|  |TAMS 0x0000000088100000| PB 0x0000000088100000| Untracked |  0
|   66|0x0000000088200000, 0x0000000088200000, 0x0000000088300000|  0%| F|  |TAMS 0x0000000088200000| PB 0x0000000088200000| Untracked |  0
|   67|0x0000000088300000, 0x0000000088300000, 0x0000000088400000|  0%| F|  |TAMS 0x0000000088300000| PB 0x0000000088300000| Untracked |  0
|   68|0x0000000088400000, 0x0000000088400000, 0x0000000088500000|  0%| F|  |TAMS 0x0000000088400000| PB 0x0000000088400000| Untracked |  0
|   69|0x0000000088500000, 0x0000000088500000, 0x0000000088600000|  0%| F|  |TAMS 0x0000000088500000| PB 0x0000000088500000| Untracked |  0
|   70|0x0000000088600000, 0x0000000088600000, 0x0000000088700000|  0%| F|  |TAMS 0x0000000088600000| PB 0x0000000088600000| Untracked |  0
|   71|0x0000000088700000, 0x0000000088700000, 0x0000000088800000|  0%| F|  |TAMS 0x0000000088700000| PB 0x0000000088700000| Untracked |  0
|   72|0x0000000088800000, 0x0000000088800000, 0x0000000088900000|  0%| F|  |TAMS 0x0000000088800000| PB 0x0000000088800000| Untracked |  0
|   73|0x0000000088900000, 0x0000000088900000, 0x0000000088a00000|  0%| F|  |TAMS 0x0000000088900000| PB 0x0000000088900000| Untracked |  0
|   74|0x0000000088a00000, 0x0000000088a00000, 0x0000000088b00000|  0%| F|  |TAMS 0x0000000088a00000| PB 0x0000000088a00000| Untracked |  0
|   75|0x0000000088b00000, 0x0000000088b00000, 0x0000000088c00000|  0%| F|  |TAMS 0x0000000088b00000| PB 0x0000000088b00000| Untracked |  0
|   76|0x0000000088c00000, 0x0000000088c00000, 0x0000000088d00000|  0%| F|  |TAMS 0x0000000088c00000| PB 0x0000000088c00000| Untracked |  0
|   77|0x0000000088d00000, 0x0000000088d00000, 0x0000000088e00000|  0%| F|  |TAMS 0x0000000088d00000| PB 0x0000000088d00000| Untracked |  0
|   78|0x0000000088e00000, 0x0000000088e00000, 0x0000000088f00000|  0%| F|  |TAMS 0x0000000088e00000| PB 0x0000000088e00000| Untracked |  0
|   79|0x0000000088f00000, 0x0000000088f00000, 0x0000000089000000|  0%| F|  |TAMS 0x0000000088f00000| PB 0x0000000088f00000| Untracked |  0
|   80|0x0000000089000000, 0x0000000089000000, 0x0000000089100000|  0%| F|  |TAMS 0x0000000089000000| PB 0x0000000089000000| Untracked |  0
|   81|0x0000000089100000, 0x0000000089100000, 0x0000000089200000|  0%| F|  |TAMS 0x0000000089100000| PB 0x0000000089100000| Untracked |  0
|   82|0x0000000089200000, 0x0000000089200000, 0x0000000089300000|  0%| F|  |TAMS 0x0000000089200000| PB 0x0000000089200000| Untracked |  0
|   83|0x0000000089300000, 0x0000000089300000, 0x0000000089400000|  0%| F|  |TAMS 0x0000000089300000| PB 0x0000000089300000| Untracked |  0
|   84|0x0000000089400000, 0x0000000089400000, 0x0000000089500000|  0%| F|  |TAMS 0x0000000089400000| PB 0x0000000089400000| Untracked |  0
|   85|0x0000000089500000, 0x0000000089500000, 0x0000000089600000|  0%| F|  |TAMS 0x0000000089500000| PB 0x0000000089500000| Untracked |  0
|   86|0x0000000089600000, 0x0000000089600000, 0x0000000089700000|  0%| F|  |TAMS 0x0000000089600000| PB 0x0000000089600000| Untracked |  0
|   87|0x0000000089700000, 0x0000000089700000, 0x0000000089800000|  0%| F|  |TAMS 0x0000000089700000| PB 0x0000000089700000| Untracked |  0
|   88|0x0000000089800000, 0x0000000089800000, 0x0000000089900000|  0%| F|  |TAMS 0x0000000089800000| PB 0x0000000089800000| Untracked |  0
|   89|0x0000000089900000, 0x0000000089900000, 0x0000000089a00000|  0%| F|  |TAMS 0x0000000089900000| PB 0x0000000089900000| Untracked |  0
|   90|0x0000000089a00000, 0x0000000089a00000, 0x0000000089b00000|  0%| F|  |TAMS 0x0000000089a00000| PB 0x0000000089a00000| Untracked |  0
|   91|0x0000000089b00000, 0x0000000089b00000, 0x0000000089c00000|  0%| F|  |TAMS 0x0000000089b00000| PB 0x0000000089b00000| Untracked |  0
|   92|0x0000000089c00000, 0x0000000089c00000, 0x0000000089d00000|  0%| F|  |TAMS 0x0000000089c00000| PB 0x0000000089c00000| Untracked |  0
|   93|0x0000000089d00000, 0x0000000089d00000, 0x0000000089e00000|  0%| F|  |TAMS 0x0000000089d00000| PB 0x0000000089d00000| Untracked |  0
|   94|0x0000000089e00000, 0x0000000089e00000, 0x0000000089f00000|  0%| F|  |TAMS 0x0000000089e00000| PB 0x0000000089e00000| Untracked |  0
|   95|0x0000000089f00000, 0x0000000089f00000, 0x000000008a000000|  0%| F|  |TAMS 0x0000000089f00000| PB 0x0000000089f00000| Untracked |  0
|   96|0x000000008a000000, 0x000000008a000000, 0x000000008a100000|  0%| F|  |TAMS 0x000000008a000000| PB 0x000000008a000000| Untracked |  0
|   97|0x000000008a100000, 0x000000008a100000, 0x000000008a200000|  0%| F|  |TAMS 0x000000008a100000| PB 0x000000008a100000| Untracked |  0
|   98|0x000000008a200000, 0x000000008a200000, 0x000000008a300000|  0%| F|  |TAMS 0x000000008a200000| PB 0x000000008a200000| Untracked |  0
|   99|0x000000008a300000, 0x000000008a300000, 0x000000008a400000|  0%| F|  |TAMS 0x000000008a300000| PB 0x000000008a300000| Untracked |  0
|  100|0x000000008a400000, 0x000000008a400000, 0x000000008a500000|  0%| F|  |TAMS 0x000000008a400000| PB 0x000000008a400000| Untracked |  0
|  101|0x000000008a500000, 0x000000008a500000, 0x000000008a600000|  0%| F|  |TAMS 0x000000008a500000| PB 0x000000008a500000| Untracked |  0
|  102|0x000000008a600000, 0x000000008a600000, 0x000000008a700000|  0%| F|  |TAMS 0x000000008a600000| PB 0x000000008a600000| Untracked |  0
|  103|0x000000008a700000, 0x000000008a700000, 0x000000008a800000|  0%| F|  |TAMS 0x000000008a700000| PB 0x000000008a700000| Untracked |  0
|  104|0x000000008a800000, 0x000000008a800000, 0x000000008a900000|  0%| F|  |TAMS 0x000000008a800000| PB 0x000000008a800000| Untracked |  0
|  105|0x000000008a900000, 0x000000008a923b40, 0x000000008aa00000| 13%| E|CS|TAMS 0x000000008a900000| PB 0x000000008a900000| Complete  |  1
|  106|0x000000008aa00000, 0x000000008ab00000, 0x000000008ab00000|100%| E|CS|TAMS 0x000000008aa00000| PB 0x000000008aa00000| Complete  |  0
|  107|0x000000008ab00000, 0x000000008ac00000, 0x000000008ac00000|100%| E|CS|TAMS 0x000000008ab00000| PB 0x000000008ab00000| Complete  |  0
|  108|0x000000008ac00000, 0x000000008ad00000, 0x000000008ad00000|100%| E|CS|TAMS 0x000000008ac00000| PB 0x000000008ac00000| Complete  |  0
|  109|0x000000008ad00000, 0x000000008ae00000, 0x000000008ae00000|100%| E|CS|TAMS 0x000000008ad00000| PB 0x000000008ad00000| Complete  |  0
|  110|0x000000008ae00000, 0x000000008af00000, 0x000000008af00000|100%| E|CS|TAMS 0x000000008ae00000| PB 0x000000008ae00000| Complete  |  0
|  111|0x000000008af00000, 0x000000008b000000, 0x000000008b000000|100%| E|CS|TAMS 0x000000008af00000| PB 0x000000008af00000| Complete  |  0
|  112|0x000000008b000000, 0x000000008b100000, 0x000000008b100000|100%| E|CS|TAMS 0x000000008b000000| PB 0x000000008b000000| Complete  |  0
|  113|0x000000008b100000, 0x000000008b200000, 0x000000008b200000|100%| E|CS|TAMS 0x000000008b100000| PB 0x000000008b100000| Complete  |  0
|  114|0x000000008b200000, 0x000000008b300000, 0x000000008b300000|100%| E|CS|TAMS 0x000000008b200000| PB 0x000000008b200000| Complete  |  0
|  115|0x000000008b300000, 0x000000008b400000, 0x000000008b400000|100%| E|CS|TAMS 0x000000008b300000| PB 0x000000008b300000| Complete  |  0
|  116|0x000000008b400000, 0x000000008b500000, 0x000000008b500000|100%| E|CS|TAMS 0x000000008b400000| PB 0x000000008b400000| Complete  |  0
|  117|0x000000008b500000, 0x000000008b600000, 0x000000008b600000|100%| E|CS|TAMS 0x000000008b500000| PB 0x000000008b500000| Complete  |  0
|  118|0x000000008b600000, 0x000000008b700000, 0x000000008b700000|100%| E|CS|TAMS 0x000000008b600000| PB 0x000000008b600000| Complete  |  0
|  119|0x000000008b700000, 0x000000008b800000, 0x000000008b800000|100%| E|CS|TAMS 0x000000008b700000| PB 0x000000008b700000| Complete  |  0
|  120|0x000000008b800000, 0x000000008b900000, 0x000000008b900000|100%| E|CS|TAMS 0x000000008b800000| PB 0x000000008b800000| Complete  |  0
|  121|0x000000008b900000, 0x000000008ba00000, 0x000000008ba00000|100%| E|CS|TAMS 0x000000008b900000| PB 0x000000008b900000| Complete  |  0
|  122|0x000000008ba00000, 0x000000008bb00000, 0x000000008bb00000|100%| E|CS|TAMS 0x000000008ba00000| PB 0x000000008ba00000| Complete  |  0
|  123|0x000000008bb00000, 0x000000008bc00000, 0x000000008bc00000|100%| E|CS|TAMS 0x000000008bb00000| PB 0x000000008bb00000| Complete  |  0
|  124|0x000000008bc00000, 0x000000008bd00000, 0x000000008bd00000|100%| E|CS|TAMS 0x000000008bc00000| PB 0x000000008bc00000| Complete  |  0
|  125|0x000000008bd00000, 0x000000008be00000, 0x000000008be00000|100%| E|CS|TAMS 0x000000008bd00000| PB 0x000000008bd00000| Complete  |  0
|  126|0x000000008be00000, 0x000000008bf00000, 0x000000008bf00000|100%| E|CS|TAMS 0x000000008be00000| PB 0x000000008be00000| Complete  |  0
|  127|0x000000008bf00000, 0x000000008c000000, 0x000000008c000000|100%| E|CS|TAMS 0x000000008bf00000| PB 0x000000008bf00000| Complete  |  0
|  128|0x000000008c000000, 0x000000008c100000, 0x000000008c100000|100%| E|CS|TAMS 0x000000008c000000| PB 0x000000008c000000| Complete  |  0
|  129|0x000000008c100000, 0x000000008c200000, 0x000000008c200000|100%| E|CS|TAMS 0x000000008c100000| PB 0x000000008c100000| Complete  |  0
|  130|0x000000008c200000, 0x000000008c300000, 0x000000008c300000|100%| E|CS|TAMS 0x000000008c200000| PB 0x000000008c200000| Complete  |  0
|  131|0x000000008c300000, 0x000000008c400000, 0x000000008c400000|100%| E|CS|TAMS 0x000000008c300000| PB 0x000000008c300000| Complete  |  0
|  132|0x000000008c400000, 0x000000008c500000, 0x000000008c500000|100%| E|CS|TAMS 0x000000008c400000| PB 0x000000008c400000| Complete  |  0
|  133|0x000000008c500000, 0x000000008c600000, 0x000000008c600000|100%| E|CS|TAMS 0x000000008c500000| PB 0x000000008c500000| Complete  |  0
|  134|0x000000008c600000, 0x000000008c700000, 0x000000008c700000|100%| E|CS|TAMS 0x000000008c600000| PB 0x000000008c600000| Complete  |  0
|  135|0x000000008c700000, 0x000000008c800000, 0x000000008c800000|100%| E|CS|TAMS 0x000000008c700000| PB 0x000000008c700000| Complete  |  0
|  136|0x000000008c800000, 0x000000008c900000, 0x000000008c900000|100%| E|CS|TAMS 0x000000008c800000| PB 0x000000008c800000| Complete  |  0
|  137|0x000000008c900000, 0x000000008ca00000, 0x000000008ca00000|100%| E|CS|TAMS 0x000000008c900000| PB 0x000000008c900000| Complete  |  0
|  138|0x000000008ca00000, 0x000000008cb00000, 0x000000008cb00000|100%| E|CS|TAMS 0x000000008ca00000| PB 0x000000008ca00000| Complete  |  0
|  139|0x000000008cb00000, 0x000000008cc00000, 0x000000008cc00000|100%| E|CS|TAMS 0x000000008cb00000| PB 0x000000008cb00000| Complete  |  0
|  140|0x000000008cc00000, 0x000000008cd00000, 0x000000008cd00000|100%| E|CS|TAMS 0x000000008cc00000| PB 0x000000008cc00000| Complete  |  0
|  141|0x000000008cd00000, 0x000000008ce00000, 0x000000008ce00000|100%| E|CS|TAMS 0x000000008cd00000| PB 0x000000008cd00000| Complete  |  0
|  142|0x000000008ce00000, 0x000000008cf00000, 0x000000008cf00000|100%| E|CS|TAMS 0x000000008ce00000| PB 0x000000008ce00000| Complete  |  0
|  143|0x000000008cf00000, 0x000000008d000000, 0x000000008d000000|100%| E|CS|TAMS 0x000000008cf00000| PB 0x000000008cf00000| Complete  |  0
|  144|0x000000008d000000, 0x000000008d100000, 0x000000008d100000|100%| E|CS|TAMS 0x000000008d000000| PB 0x000000008d000000| Complete  |  0
|  145|0x000000008d100000, 0x000000008d200000, 0x000000008d200000|100%| E|CS|TAMS 0x000000008d100000| PB 0x000000008d100000| Complete  |  0
|  146|0x000000008d200000, 0x000000008d300000, 0x000000008d300000|100%| E|CS|TAMS 0x000000008d200000| PB 0x000000008d200000| Complete  |  0
|  147|0x000000008d300000, 0x000000008d400000, 0x000000008d400000|100%| E|CS|TAMS 0x000000008d300000| PB 0x000000008d300000| Complete  |  0
|  148|0x000000008d400000, 0x000000008d500000, 0x000000008d500000|100%| E|CS|TAMS 0x000000008d400000| PB 0x000000008d400000| Complete  |  0
|  149|0x000000008d500000, 0x000000008d600000, 0x000000008d600000|100%| E|CS|TAMS 0x000000008d500000| PB 0x000000008d500000| Complete  |  0
|  150|0x000000008d600000, 0x000000008d700000, 0x000000008d700000|100%| E|CS|TAMS 0x000000008d600000| PB 0x000000008d600000| Complete  |  0
|  151|0x000000008d700000, 0x000000008d800000, 0x000000008d800000|100%| E|CS|TAMS 0x000000008d700000| PB 0x000000008d700000| Complete  |  0
|  152|0x000000008d800000, 0x000000008d900000, 0x000000008d900000|100%| E|CS|TAMS 0x000000008d800000| PB 0x000000008d800000| Complete  |  0
|  153|0x000000008d900000, 0x000000008da00000, 0x000000008da00000|100%| E|CS|TAMS 0x000000008d900000| PB 0x000000008d900000| Complete  |  0
|  154|0x000000008da00000, 0x000000008db00000, 0x000000008db00000|100%| E|CS|TAMS 0x000000008da00000| PB 0x000000008da00000| Complete  |  0
|  155|0x000000008db00000, 0x000000008dc00000, 0x000000008dc00000|100%| E|CS|TAMS 0x000000008db00000| PB 0x000000008db00000| Complete  |  0
|  156|0x000000008dc00000, 0x000000008dd00000, 0x000000008dd00000|100%| E|CS|TAMS 0x000000008dc00000| PB 0x000000008dc00000| Complete  |  0
|  157|0x000000008dd00000, 0x000000008de00000, 0x000000008de00000|100%| E|CS|TAMS 0x000000008dd00000| PB 0x000000008dd00000| Complete  |  0
|  158|0x000000008de00000, 0x000000008df00000, 0x000000008df00000|100%| E|CS|TAMS 0x000000008de00000| PB 0x000000008de00000| Complete  |  0
|  159|0x000000008df00000, 0x000000008e000000, 0x000000008e000000|100%| E|CS|TAMS 0x000000008df00000| PB 0x000000008df00000| Complete  |  0
|  160|0x000000008e000000, 0x000000008e100000, 0x000000008e100000|100%| E|CS|TAMS 0x000000008e000000| PB 0x000000008e000000| Complete  |  0
|  161|0x000000008e100000, 0x000000008e200000, 0x000000008e200000|100%| E|CS|TAMS 0x000000008e100000| PB 0x000000008e100000| Complete  |  0
|  162|0x000000008e200000, 0x000000008e300000, 0x000000008e300000|100%| E|CS|TAMS 0x000000008e200000| PB 0x000000008e200000| Complete  |  0
|  163|0x000000008e300000, 0x000000008e400000, 0x000000008e400000|100%| E|CS|TAMS 0x000000008e300000| PB 0x000000008e300000| Complete  |  0
|  164|0x000000008e400000, 0x000000008e500000, 0x000000008e500000|100%| E|CS|TAMS 0x000000008e400000| PB 0x000000008e400000| Complete  |  0
|  165|0x000000008e500000, 0x000000008e600000, 0x000000008e600000|100%| E|CS|TAMS 0x000000008e500000| PB 0x000000008e500000| Complete  |  0
|  166|0x000000008e600000, 0x000000008e700000, 0x000000008e700000|100%| E|CS|TAMS 0x000000008e600000| PB 0x000000008e600000| Complete  |  0
|  167|0x000000008e700000, 0x000000008e800000, 0x000000008e800000|100%| E|CS|TAMS 0x000000008e700000| PB 0x000000008e700000| Complete  |  0
|  168|0x000000008e800000, 0x000000008e900000, 0x000000008e900000|100%| E|CS|TAMS 0x000000008e800000| PB 0x000000008e800000| Complete  |  0
|  169|0x000000008e900000, 0x000000008ea00000, 0x000000008ea00000|100%| E|CS|TAMS 0x000000008e900000| PB 0x000000008e900000| Complete  |  0
|  170|0x000000008ea00000, 0x000000008eb00000, 0x000000008eb00000|100%| E|CS|TAMS 0x000000008ea00000| PB 0x000000008ea00000| Complete  |  0
|  171|0x000000008eb00000, 0x000000008ec00000, 0x000000008ec00000|100%| E|CS|TAMS 0x000000008eb00000| PB 0x000000008eb00000| Complete  |  0
| 1982|0x00000000ffe00000, 0x00000000fff00000, 0x00000000fff00000|100%| O|  |TAMS 0x00000000ffe00000| PB 0x00000000ffe00000| Untracked |  0
| 1983|0x00000000fff00000, 0x0000000100000000, 0x0000000100000000|100%| E|CS|TAMS 0x00000000fff00000| PB 0x00000000fff00000| Complete  |  0

Card table byte_map: [0x0000013f77570000,0x0000013f77950000] _byte_map_base: 0x0000013f77150000
Refinement table byte_map: [0x0000013f77950000,0x0000013f77d30000] _byte_map_base: 0x0000013f77530000

Marking Bits: (CMBitMap*) 0x0000013f6e1f3ea0
 Bits: [0x0000013f77d30000, 0x0000013f79c30000)

Polling page: 0x0000013f6bd60000

Metaspace:
Metaspace        used 28864K, committed 29184K, reserved 1114112K
 class space     used 3484K, committed 3648K, reserved 1048576K

Usage:
  Non-class:     24.79 MB used.
      Class:      3.40 MB used.
       Both:     28.19 MB used.

Virtual space:
  Non-class space:       64.00 MB reserved,      24.94 MB ( 39%) committed,  1 nodes.
      Class space:        1.00 GB reserved,       3.56 MB ( <1%) committed,  1 nodes.
             Both:        1.06 GB reserved,      28.50 MB (  3%) committed. 

Chunk freelists:
   Non-Class:  6.70 MB
       Class:  12.42 MB
        Both:  19.13 MB

MaxMetaspaceSize: unlimited
CompressedClassSpaceSize: 1.00 GB
Initial GC threshold: 21.00 MB
Current GC threshold: 46.69 MB
CDS: on
 - commit_granule_bytes: 65536.
 - commit_granule_words: 8192.
 - virtual_space_node_default_size: 8388608.
 - enlarge_chunks_in_place: 1.
UseCompressedClassPointers 1, UseCompactObjectHeaders 0
Narrow klass pointer bits 32, Max shift 3
Narrow klass base: 0x0000000039000000, Narrow klass shift: 0
Encoding Range: [0x0000000039000000 - 0x0000000139000000), (4294967296 bytes)
Klass Range:    [0x0000000039000000 - 0x000000007a000000), (1090519040 bytes)
Klass ID Range:  [8 - 1090519033) (1090519025)
Protection zone: [0x0000000039000000 - 0x0000000039010000), (65536 bytes)


Internal statistics:

num_allocs_failed_limit: 3.
num_arena_births: 250.
num_arena_deaths: 0.
num_vsnodes_births: 2.
num_vsnodes_deaths: 0.
num_space_committed: 456.
num_space_uncommitted: 0.
num_chunks_returned_to_freelist: 3.
num_chunks_taken_from_freelist: 1307.
num_chunk_merges: 0.
num_chunk_splits: 910.
num_chunks_enlarged: 741.
num_inconsistent_stats: 0.

CodeHeap 'non-profiled nmethods': size=120064Kb used=2664Kb max_used=2664Kb free=117399Kb
 bounds [0x0000013f07ae0000, 0x0000013f07d80000, 0x0000013f0f020000]
CodeHeap 'profiled nmethods': size=120064Kb used=11628Kb max_used=11628Kb free=108436Kb
 bounds [0x0000013f00000000, 0x0000013f00b60000, 0x0000013f07540000]
CodeHeap 'non-nmethods': size=5760Kb used=1444Kb max_used=1564Kb free=4315Kb
 bounds [0x0000013f07540000, 0x0000013f077b0000, 0x0000013f07ae0000]
CodeCache: size=245888Kb, used=15736Kb, max_used=15856Kb, free=230150Kb
 total_blobs=7339, nmethods=6781, adapters=458, full_count=0
Compilation: enabled, stopped_count=0, restarted_count=0

Compilation events (20 events):
Event: 12.792 Thread 0x0000013f7c63c750 nmethod 7699 0x0000013f07d78188 code [0x0000013f07d78280, 0x0000013f07d79798]
Event: 12.794 Thread 0x0000013f7c63c750 7714   !   4       java.nio.file.FileTreeWalker::next (131 bytes)
Event: 12.858 Thread 0x0000013f7c646f90 7718  s!   3       com.sun.tools.javac.file.JavacFileManager::getContainer (211 bytes)
Event: 12.859 Thread 0x0000013f7c646f90 nmethod 7718 0x0000013f00b3e988 code [0x0000013f00b3ea80, 0x0000013f00b40290]
Event: 12.875 Thread 0x0000013f7c646f90 7720       3       java.util.ImmutableCollections$MapN$MapNIterator::next (75 bytes)
Event: 12.876 Thread 0x0000013f7c646f90 nmethod 7720 0x0000013f00b40308 code [0x0000013f00b40400, 0x0000013f00b40bf0]
Event: 12.876 Thread 0x0000013f7c646f90 7719       3       java.util.ImmutableCollections$MapN$MapNIterator::next (5 bytes)
Event: 12.876 Thread 0x0000013f7c646f90 nmethod 7719 0x0000013f00b40c08 code [0x0000013f00b40d00, 0x0000013f00b40e48]
Event: 12.881 Thread 0x0000013f7c646f90 7721       3       java.nio.file.SimpleFileVisitor::<init> (5 bytes)
Event: 12.881 Thread 0x0000013f7c646f90 nmethod 7721 0x0000013f00b40f08 code [0x0000013f00b41000, 0x0000013f00b41150]
Event: 12.890 Thread 0x0000013f7c646f90 7722       3       java.util.Collections$SynchronizedCollection::<init> (21 bytes)
Event: 12.891 Thread 0x0000013f7c646f90 nmethod 7722 0x0000013f00b41208 code [0x0000013f00b41300, 0x0000013f00b41718]
Event: 12.892 Thread 0x0000013f7c646f90 7724       3       java.util.Collections::synchronizedSet (9 bytes)
Event: 12.892 Thread 0x0000013f7c646f90 nmethod 7724 0x0000013f00b41788 code [0x0000013f00b41880, 0x0000013f00b41d90]
Event: 12.892 Thread 0x0000013f7c646f90 7725       3       java.util.Collections$SynchronizedSet::<init> (6 bytes)
Event: 12.893 Thread 0x0000013f7c646f90 nmethod 7725 0x0000013f00b41e08 code [0x0000013f00b41f00, 0x0000013f00b42370]
Event: 12.917 Thread 0x0000013f7c646f90 7727       1       java.util.ImmutableCollections$MapN::size (5 bytes)
Event: 12.917 Thread 0x0000013f7c646f90 nmethod 7727 0x0000013f07d79b08 code [0x0000013f07d79c00, 0x0000013f07d79cb8]
Event: 12.919 Thread 0x0000013f7c646f90 7728 %     3       sun.nio.fs.WindowsPath::compareTo @ 49 (118 bytes)
Event: 12.921 Thread 0x0000013f7c646f90 nmethod 7728% 0x0000013f00b42388 code [0x0000013f00b42480, 0x0000013f00b43d50]

GC Heap Usage History (20 events):
Event: 6.399 {heap Before GC invocations=17 (full 0):
 garbage-first heap   total reserved 2031616K, committed 59392K, used 45844K [0x0000000084000000, 0x0000000100000000)
  region size 1M, 32 eden (32M), 2 survivor (2M), 14 old (14M), 0 humongous (0M), 10 free (10M)
}
Event: 6.408 {heap After GC invocations=18 (full 0):
 garbage-first heap   total reserved 2031616K, committed 59392K, used 16437K [0x0000000084000000, 0x0000000100000000)
  region size 1M, 0 eden (0M), 4 survivor (4M), 14 old (14M), 0 humongous (0M), 40 free (40M)
}
Event: 7.786 {heap Before GC invocations=18 (full 0):
 garbage-first heap   total reserved 2031616K, committed 59392K, used 47157K [0x0000000084000000, 0x0000000100000000)
  region size 1M, 30 eden (30M), 4 survivor (4M), 14 old (14M), 0 humongous (0M), 10 free (10M)
}
Event: 7.794 {heap After GC invocations=19 (full 0):
 garbage-first heap   total reserved 2031616K, committed 59392K, used 16181K [0x0000000084000000, 0x0000000100000000)
  region size 1M, 0 eden (0M), 1 survivor (1M), 15 old (15M), 0 humongous (0M), 42 free (42M)
}
Event: 9.114 {heap Before GC invocations=19 (full 0):
 garbage-first heap   total reserved 2031616K, committed 59392K, used 50997K [0x0000000084000000, 0x0000000100000000)
  region size 1M, 33 eden (33M), 1 survivor (1M), 15 old (15M), 1 humongous (1M), 8 free (8M)
}
Event: 9.122 {heap After GC invocations=20 (full 0):
 garbage-first heap   total reserved 2031616K, committed 59392K, used 18126K [0x0000000084000000, 0x0000000100000000)
  region size 1M, 0 eden (0M), 3 survivor (3M), 15 old (15M), 0 humongous (0M), 40 free (40M)
}
Event: 9.876 {heap Before GC invocations=20 (full 0):
 garbage-first heap   total reserved 2031616K, committed 59392K, used 45774K [0x0000000084000000, 0x0000000100000000)
  region size 1M, 21 eden (21M), 3 survivor (3M), 15 old (15M), 7 humongous (7M), 12 free (12M)
}
Event: 9.892 {heap After GC invocations=21 (full 0):
 garbage-first heap   total reserved 2031616K, committed 59392K, used 33792K [0x0000000084000000, 0x0000000100000000)
  region size 1M, 0 eden (0M), 5 survivor (5M), 21 old (21M), 7 humongous (7M), 25 free (25M)
}
Event: 10.187 {heap Before GC invocations=22 (full 0):
 garbage-first heap   total reserved 2031616K, committed 59392K, used 49152K [0x0000000084000000, 0x0000000100000000)
  region size 1M, 14 eden (14M), 5 survivor (5M), 21 old (21M), 8 humongous (8M), 10 free (10M)
}
Event: 10.200 {heap After GC invocations=23 (full 0):
 garbage-first heap   total reserved 2031616K, committed 59392K, used 38240K [0x0000000084000000, 0x0000000100000000)
  region size 1M, 0 eden (0M), 3 survivor (3M), 27 old (27M), 8 humongous (8M), 20 free (20M)
}
Event: 10.323 {heap Before GC invocations=23 (full 0):
 garbage-first heap   total reserved 2031616K, committed 59392K, used 49504K [0x0000000084000000, 0x0000000100000000)
  region size 1M, 11 eden (11M), 3 survivor (3M), 27 old (27M), 8 humongous (8M), 9 free (9M)
}
Event: 10.332 {heap After GC invocations=24 (full 0):
 garbage-first heap   total reserved 2031616K, committed 59392K, used 41984K [0x0000000084000000, 0x0000000100000000)
  region size 1M, 0 eden (0M), 2 survivor (2M), 31 old (31M), 8 humongous (8M), 17 free (17M)
}
Event: 10.634 {heap Before GC invocations=24 (full 0):
 garbage-first heap   total reserved 2031616K, committed 59392K, used 51200K [0x0000000084000000, 0x0000000100000000)
  region size 1M, 9 eden (9M), 2 survivor (2M), 31 old (31M), 8 humongous (8M), 8 free (8M)
}
Event: 10.643 {heap After GC invocations=25 (full 0):
 garbage-first heap   total reserved 2031616K, committed 59392K, used 44520K [0x0000000084000000, 0x0000000100000000)
  region size 1M, 0 eden (0M), 2 survivor (2M), 34 old (34M), 8 humongous (8M), 14 free (14M)
}
Event: 10.848 {heap Before GC invocations=26 (full 0):
 garbage-first heap   total reserved 2031616K, committed 59392K, used 52712K [0x0000000084000000, 0x0000000100000000)
  region size 1M, 8 eden (8M), 2 survivor (2M), 34 old (34M), 8 humongous (8M), 6 free (6M)
}
Event: 10.857 {heap After GC invocations=27 (full 0):
 garbage-first heap   total reserved 2031616K, committed 59392K, used 46105K [0x0000000084000000, 0x0000000100000000)
  region size 1M, 0 eden (0M), 2 survivor (2M), 36 old (36M), 8 humongous (8M), 12 free (12M)
}
Event: 11.128 {heap Before GC invocations=27 (full 0):
 garbage-first heap   total reserved 2031616K, committed 59392K, used 52249K [0x0000000084000000, 0x0000000100000000)
  region size 1M, 7 eden (7M), 2 survivor (2M), 36 old (36M), 8 humongous (8M), 5 free (5M)
}
Event: 11.139 {heap After GC invocations=28 (full 0):
 garbage-first heap   total reserved 2031616K, committed 59392K, used 46818K [0x0000000084000000, 0x0000000100000000)
  region size 1M, 0 eden (0M), 1 survivor (1M), 37 old (37M), 8 humongous (8M), 12 free (12M)
}
Event: 11.459 {heap Before GC invocations=28 (full 0):
 garbage-first heap   total reserved 2031616K, committed 59392K, used 52962K [0x0000000084000000, 0x0000000100000000)
  region size 1M, 7 eden (7M), 1 survivor (1M), 37 old (37M), 8 humongous (8M), 5 free (5M)
}
Event: 11.466 {heap After GC invocations=29 (full 0):
 garbage-first heap   total reserved 2031616K, committed 178176K, used 47808K [0x0000000084000000, 0x0000000100000000)
  region size 1M, 0 eden (0M), 1 survivor (1M), 38 old (38M), 8 humongous (8M), 127 free (127M)
}

Metaspace Usage History (20 events):
Event: 6.399 {metaspace Before GC invocations=17 (full 0):
 Metaspace       used 15711K, committed 15936K, reserved 1114112K
  class space    used 1924K, committed 2048K, reserved 1048576K
}
Event: 6.408 {metaspace After GC invocations=18 (full 0):
 Metaspace       used 15711K, committed 15936K, reserved 1114112K
  class space    used 1924K, committed 2048K, reserved 1048576K
}
Event: 7.786 {metaspace Before GC invocations=18 (full 0):
 Metaspace       used 16461K, committed 16704K, reserved 1114112K
  class space    used 1983K, committed 2048K, reserved 1048576K
}
Event: 7.794 {metaspace After GC invocations=19 (full 0):
 Metaspace       used 16461K, committed 16704K, reserved 1114112K
  class space    used 1983K, committed 2048K, reserved 1048576K
}
Event: 9.114 {metaspace Before GC invocations=19 (full 0):
 Metaspace       used 19727K, committed 19968K, reserved 1114112K
  class space    used 2367K, committed 2496K, reserved 1048576K
}
Event: 9.122 {metaspace After GC invocations=20 (full 0):
 Metaspace       used 19727K, committed 19968K, reserved 1114112K
  class space    used 2367K, committed 2496K, reserved 1048576K
}
Event: 9.876 {metaspace Before GC invocations=20 (full 0):
 Metaspace       used 25590K, committed 25856K, reserved 1114112K
  class space    used 3081K, committed 3200K, reserved 1048576K
}
Event: 9.892 {metaspace After GC invocations=21 (full 0):
 Metaspace       used 25590K, committed 25856K, reserved 1114112K
  class space    used 3081K, committed 3200K, reserved 1048576K
}
Event: 10.187 {metaspace Before GC invocations=22 (full 0):
 Metaspace       used 25865K, committed 26176K, reserved 1114112K
  class space    used 3124K, committed 3264K, reserved 1048576K
}
Event: 10.200 {metaspace After GC invocations=23 (full 0):
 Metaspace       used 25865K, committed 26176K, reserved 1114112K
  class space    used 3124K, committed 3264K, reserved 1048576K
}
Event: 10.323 {metaspace Before GC invocations=23 (full 0):
 Metaspace       used 25883K, committed 26176K, reserved 1114112K
  class space    used 3124K, committed 3264K, reserved 1048576K
}
Event: 10.332 {metaspace After GC invocations=24 (full 0):
 Metaspace       used 25883K, committed 26176K, reserved 1114112K
  class space    used 3124K, committed 3264K, reserved 1048576K
}
Event: 10.634 {metaspace Before GC invocations=24 (full 0):
 Metaspace       used 26343K, committed 26688K, reserved 1114112K
  class space    used 3183K, committed 3328K, reserved 1048576K
}
Event: 10.643 {metaspace After GC invocations=25 (full 0):
 Metaspace       used 26343K, committed 26688K, reserved 1114112K
  class space    used 3183K, committed 3328K, reserved 1048576K
}
Event: 10.848 {metaspace Before GC invocations=26 (full 0):
 Metaspace       used 26563K, committed 26880K, reserved 1114112K
  class space    used 3186K, committed 3328K, reserved 1048576K
}
Event: 10.857 {metaspace After GC invocations=27 (full 0):
 Metaspace       used 26563K, committed 26880K, reserved 1114112K
  class space    used 3186K, committed 3328K, reserved 1048576K
}
Event: 11.128 {metaspace Before GC invocations=27 (full 0):
 Metaspace       used 27596K, committed 27968K, reserved 1114112K
  class space    used 3346K, committed 3520K, reserved 1048576K
}
Event: 11.139 {metaspace After GC invocations=28 (full 0):
 Metaspace       used 27596K, committed 27968K, reserved 1114112K
  class space    used 3346K, committed 3520K, reserved 1048576K
}
Event: 11.459 {metaspace Before GC invocations=28 (full 0):
 Metaspace       used 28281K, committed 28608K, reserved 1114112K
  class space    used 3433K, committed 3584K, reserved 1048576K
}
Event: 11.466 {metaspace After GC invocations=29 (full 0):
 Metaspace       used 28281K, committed 28608K, reserved 1114112K
  class space    used 3433K, committed 3584K, reserved 1048576K
}

Dll operation events (14 events):
Event: 0.015 Attempting to load shared library C:\Program Files\Java\jdk-26.0.2.1\bin\java.dll
Event: 0.018 Loaded shared library C:\Program Files\Java\jdk-26.0.2.1\bin\java.dll
Event: 0.092 Attempting to load shared library C:\Program Files\Java\jdk-26.0.2.1\bin\net.dll
Event: 0.093 Loaded shared library C:\Program Files\Java\jdk-26.0.2.1\bin\net.dll
Event: 0.095 Attempting to load shared library C:\Program Files\Java\jdk-26.0.2.1\bin\nio.dll
Event: 0.096 Loaded shared library C:\Program Files\Java\jdk-26.0.2.1\bin\nio.dll
Event: 0.100 Attempting to load shared library C:\Program Files\Java\jdk-26.0.2.1\bin\zip.dll
Event: 0.100 Loaded shared library C:\Program Files\Java\jdk-26.0.2.1\bin\zip.dll
Event: 0.485 Attempting to load shared library C:\Users\acer\.m2\wrapper\dists\apache-maven-3.9.16\0daed3be3ebd1c706f0e69e8b07c6b73f5cc4ea3dfce72a8d0ec2e849ca2ddb0\lib\jansi-native\Windows\x86_64\jansi.dll
Event: 0.486 Attempting to load shared library C:\Program Files\Java\jdk-26.0.2.1\bin\jimage.dll
Event: 0.486 Loaded shared library C:\Users\acer\.m2\wrapper\dists\apache-maven-3.9.16\0daed3be3ebd1c706f0e69e8b07c6b73f5cc4ea3dfce72a8d0ec2e849ca2ddb0\lib\jansi-native\Windows\x86_64\jansi.dll
Event: 0.492 Loaded shared library C:\Program Files\Java\jdk-26.0.2.1\bin\jimage.dll
Event: 0.520 Attempting to load shared library C:\Program Files\Java\jdk-26.0.2.1\bin\verify.dll
Event: 0.526 Loaded shared library C:\Program Files\Java\jdk-26.0.2.1\bin\verify.dll

Deoptimization events (20 events):
Event: 12.632 Thread 0x0000013f6bda5e70 Uncommon trap: trap_request=0xffffffde fr.pc=0x0000013f07b15fdc relative=0x000000000000075c
Event: 12.632 Thread 0x0000013f6bda5e70 Uncommon trap: reason=class_check action=maybe_recompile pc=0x0000013f07b15fdc method=jdk.internal.loader.URLClassPath.getLoader(I)Ljdk/internal/loader/URLClassPath$Loader; @ 91 c2
Event: 12.632 Thread 0x0000013f6bda5e70 DEOPT PACKING pc=0x0000013f07b15fdc sp=0x00000037590fd9c0
Event: 12.632 Thread 0x0000013f6bda5e70 DEOPT UNPACKING pc=0x0000013f07662602 sp=0x00000037590fd988 mode 2
Event: 12.692 Thread 0x0000013f6bda5e70 Uncommon trap: trap_request=0xffffff45 fr.pc=0x0000013f07d6df98 relative=0x0000000000002818
Event: 12.692 Thread 0x0000013f6bda5e70 Uncommon trap: reason=unstable_if action=reinterpret pc=0x0000013f07d6df98 method=java.util.jar.Manifest$FastInputStream.readLine([BII)I @ 106 c2
Event: 12.692 Thread 0x0000013f6bda5e70 DEOPT PACKING pc=0x0000013f07d6df98 sp=0x00000037590fd5e0
Event: 12.692 Thread 0x0000013f6bda5e70 DEOPT UNPACKING pc=0x0000013f07662602 sp=0x00000037590fd4e0 mode 2
Event: 12.720 Thread 0x0000013f6bda5e70 Uncommon trap: trap_request=0xffffff45 fr.pc=0x0000013f07b69160 relative=0x0000000000000140
Event: 12.720 Thread 0x0000013f6bda5e70 Uncommon trap: reason=unstable_if action=reinterpret pc=0x0000013f07b69160 method=com.sun.tools.javac.parser.JavaTokenizer.readToken()Lcom/sun/tools/javac/parser/Tokens$Token; @ 39 c2
Event: 12.720 Thread 0x0000013f6bda5e70 DEOPT PACKING pc=0x0000013f07b69160 sp=0x00000037590fd960
Event: 12.720 Thread 0x0000013f6bda5e70 DEOPT UNPACKING pc=0x0000013f07662602 sp=0x00000037590fd8f0 mode 2
Event: 12.721 Thread 0x0000013f6bda5e70 Uncommon trap: trap_request=0xffffff45 fr.pc=0x0000013f07b7f4c4 relative=0x0000000000000344
Event: 12.721 Thread 0x0000013f6bda5e70 Uncommon trap: reason=unstable_if action=reinterpret pc=0x0000013f07b7f4c4 method=com.sun.tools.javac.parser.JavaTokenizer.scanIdent()V @ 9 c2
Event: 12.721 Thread 0x0000013f6bda5e70 DEOPT PACKING pc=0x0000013f07b7f4c4 sp=0x00000037590fd870
Event: 12.721 Thread 0x0000013f6bda5e70 DEOPT UNPACKING pc=0x0000013f07662602 sp=0x00000037590fd878 mode 2
Event: 12.721 Thread 0x0000013f6bda5e70 Uncommon trap: trap_request=0xffffff45 fr.pc=0x0000013f07ae906c relative=0x000000000000006c
Event: 12.721 Thread 0x0000013f6bda5e70 Uncommon trap: reason=unstable_if action=reinterpret pc=0x0000013f07ae906c method=com.sun.tools.javac.parser.UnicodeReader.isOneOf(CCC)Z @ 13 c2
Event: 12.721 Thread 0x0000013f6bda5e70 DEOPT PACKING pc=0x0000013f07ae906c sp=0x00000037590fd5d0
Event: 12.721 Thread 0x0000013f6bda5e70 DEOPT UNPACKING pc=0x0000013f07662602 sp=0x00000037590fd560 mode 2

Classes loaded (20 events):
Event: 11.309 Loading class java/lang/MatchException
Event: 11.309 Loading class java/lang/MatchException done
Event: 11.674 Loading class java/io/DataOutputStream
Event: 11.674 Loading class java/io/DataOutputStream done
Event: 11.756 Loading class java/util/stream/ReduceOps$2
Event: 11.756 Loading class java/util/stream/ReduceOps$2 done
Event: 11.756 Loading class java/util/stream/ReduceOps$2ReducingSink
Event: 11.756 Loading class java/util/stream/ReduceOps$2ReducingSink done
Event: 11.908 Loading class java/util/function/UnaryOperator
Event: 11.908 Loading class java/util/function/UnaryOperator done
Event: 11.976 Loading class java/util/EnumMap$Values
Event: 11.976 Loading class java/util/EnumMap$Values done
Event: 11.977 Loading class java/util/EnumMap$ValueIterator
Event: 11.977 Loading class java/util/EnumMap$ValueIterator done
Event: 11.981 Loading class java/util/WeakHashMap$KeyIterator
Event: 11.981 Loading class java/util/WeakHashMap$HashIterator
Event: 11.981 Loading class java/util/WeakHashMap$HashIterator done
Event: 11.981 Loading class java/util/WeakHashMap$KeyIterator done
Event: 12.174 Loading class sun/nio/ch/SocketOutputStream
Event: 12.174 Loading class sun/nio/ch/SocketOutputStream done

Classes unloaded (0 events):
No events

Classes redefined (0 events):
No events

Internal exceptions (20 events):
Event: 11.858 Thread 0x0000013f6bda5e70 Exception <a 'sun/nio/fs/WindowsException'{0x000000008e5aac68}> (0x000000008e5aac68) 
thrown [s\open\src\hotspot\share\prims\jni.cpp, line 514]
Event: 11.865 Thread 0x0000013f6bda5e70 Exception <a 'sun/nio/fs/WindowsException'{0x000000008e5c0dc8}> (0x000000008e5c0dc8) 
thrown [s\open\src\hotspot\share\prims\jni.cpp, line 514]
Event: 11.881 Thread 0x0000013f6bda5e70 Exception <a 'sun/nio/fs/WindowsException'{0x000000008e43fda0}> (0x000000008e43fda0) 
thrown [s\open\src\hotspot\share\prims\jni.cpp, line 514]
Event: 11.881 Thread 0x0000013f6bda5e70 Exception <a 'sun/nio/fs/WindowsException'{0x000000008e446328}> (0x000000008e446328) 
thrown [s\open\src\hotspot\share\prims\jni.cpp, line 514]
Event: 11.882 Thread 0x0000013f6bda5e70 Exception <a 'sun/nio/fs/WindowsException'{0x000000008e455998}> (0x000000008e455998) 
thrown [s\open\src\hotspot\share\prims\jni.cpp, line 514]
Event: 11.883 Thread 0x0000013f6bda5e70 Exception <a 'sun/nio/fs/WindowsException'{0x000000008e45df68}> (0x000000008e45df68) 
thrown [s\open\src\hotspot\share\prims\jni.cpp, line 514]
Event: 11.884 Thread 0x0000013f6bda5e70 Exception <a 'sun/nio/fs/WindowsException'{0x000000008e46cee0}> (0x000000008e46cee0) 
thrown [s\open\src\hotspot\share\prims\jni.cpp, line 514]
Event: 11.890 Thread 0x0000013f6bda5e70 Exception <a 'sun/nio/fs/WindowsException'{0x000000008e496920}> (0x000000008e496920) 
thrown [s\open\src\hotspot\share\prims\jni.cpp, line 514]
Event: 11.891 Thread 0x0000013f6bda5e70 Exception <a 'sun/nio/fs/WindowsException'{0x000000008e499608}> (0x000000008e499608) 
thrown [s\open\src\hotspot\share\prims\jni.cpp, line 514]
Event: 11.892 Thread 0x0000013f6bda5e70 Exception <a 'sun/nio/fs/WindowsException'{0x000000008e4a0860}> (0x000000008e4a0860) 
thrown [s\open\src\hotspot\share\prims\jni.cpp, line 514]
Event: 11.893 Thread 0x0000013f6bda5e70 Exception <a 'sun/nio/fs/WindowsException'{0x000000008e4b4408}> (0x000000008e4b4408) 
thrown [s\open\src\hotspot\share\prims\jni.cpp, line 514]
Event: 11.957 Thread 0x0000013f6bda5e70 Exception <a 'sun/nio/fs/WindowsException'{0x000000008e3f5170}> (0x000000008e3f5170) 
thrown [s\open\src\hotspot\share\prims\jni.cpp, line 514]
Event: 11.967 Thread 0x0000013f6bda5e70 Exception <a 'sun/nio/fs/WindowsException'{0x000000008e20d670}> (0x000000008e20d670) 
thrown [s\open\src\hotspot\share\prims\jni.cpp, line 514]
Event: 11.976 Thread 0x0000013f6bda5e70 Exception <a 'java/lang/IncompatibleClassChangeError'{0x000000008e232200}: Found class java.lang.Object, but interface was expected> (0x000000008e232200) 
thrown [s\open\src\hotspot\share\interpreter\linkResolver.cpp, line 871]
Event: 12.204 Thread 0x0000013f6bda5e70 Exception <a 'sun/nio/fs/WindowsException'{0x000000008e00bbc0}> (0x000000008e00bbc0) 
thrown [s\open\src\hotspot\share\prims\jni.cpp, line 514]
Event: 12.602 Thread 0x0000013f6bda5e70 Exception <a 'sun/nio/fs/WindowsException'{0x000000008d382768}> (0x000000008d382768) 
thrown [s\open\src\hotspot\share\prims\jni.cpp, line 514]
Event: 12.603 Thread 0x0000013f6bda5e70 Implicit null exception at 0x0000013f07d527a2 to 0x0000013f07d52d90
Event: 12.608 Thread 0x0000013f6bda5e70 Exception <a 'sun/nio/fs/WindowsException'{0x000000008d3fdfb8}> (0x000000008d3fdfb8) 
thrown [s\open\src\hotspot\share\prims\jni.cpp, line 514]
Event: 12.728 Thread 0x0000013f6bda5e70 Exception <a 'sun/nio/fs/WindowsException'{0x000000008cdb6080}> (0x000000008cdb6080) 
thrown [s\open\src\hotspot\share\prims\jni.cpp, line 514]
Event: 12.728 Thread 0x0000013f6bda5e70 Exception <a 'sun/nio/fs/WindowsException'{0x000000008cdb6bf0}> (0x000000008cdb6bf0) 
thrown [s\open\src\hotspot\share\prims\jni.cpp, line 514]

VM Operations (20 events):
Event: 10.982 Executing non-safepoint VM operation: HandshakeAllThreads (Deoptimize)
Event: 10.982 Executing non-safepoint VM operation: HandshakeAllThreads (Deoptimize) done
Event: 11.011 Executing non-safepoint VM operation: HandshakeAllThreads (Deoptimize)
Event: 11.011 Executing non-safepoint VM operation: HandshakeAllThreads (Deoptimize) done
Event: 11.013 Executing non-safepoint VM operation: HandshakeAllThreads (Deoptimize)
Event: 11.013 Executing non-safepoint VM operation: HandshakeAllThreads (Deoptimize) done
Event: 11.128 Executing safepoint VM operation: G1CollectForAllocation (G1 Evacuation Pause)
Event: 11.139 Executing safepoint VM operation: G1CollectForAllocation (G1 Evacuation Pause) done
Event: 11.171 Executing non-safepoint VM operation: HandshakeAllThreads (Deoptimize)
Event: 11.171 Executing non-safepoint VM operation: HandshakeAllThreads (Deoptimize) done
Event: 11.172 Executing non-safepoint VM operation: HandshakeAllThreads (Deoptimize)
Event: 11.172 Executing non-safepoint VM operation: HandshakeAllThreads (Deoptimize) done
Event: 11.431 Executing non-safepoint VM operation: HandshakeAllThreads (Deoptimize)
Event: 11.431 Executing non-safepoint VM operation: HandshakeAllThreads (Deoptimize) done
Event: 11.459 Executing safepoint VM operation: G1CollectForAllocation (G1 Evacuation Pause)
Event: 11.466 Executing safepoint VM operation: G1CollectForAllocation (G1 Evacuation Pause) done
Event: 11.531 Executing safepoint VM operation: G1PauseRemark
Event: 11.540 Executing safepoint VM operation: G1PauseRemark done
Event: 11.554 Executing safepoint VM operation: G1PauseCleanup
Event: 11.554 Executing safepoint VM operation: G1PauseCleanup done

Memory protections (0 events):
No events

Nmethod flushes (20 events):
Event: 11.539 Thread 0x0000013f7c605090 flushing  nmethod 0x0000013f008d1188
Event: 11.539 Thread 0x0000013f7c605090 flushing  nmethod 0x0000013f008d1f08
Event: 11.539 Thread 0x0000013f7c605090 flushing  nmethod 0x0000013f008d2308
Event: 11.539 Thread 0x0000013f7c605090 flushing  nmethod 0x0000013f008d2988
Event: 11.539 Thread 0x0000013f7c605090 flushing  nmethod 0x0000013f008d3188
Event: 11.539 Thread 0x0000013f7c605090 flushing  nmethod 0x0000013f008d4e08
Event: 11.539 Thread 0x0000013f7c605090 flushing  nmethod 0x0000013f008d5208
Event: 11.539 Thread 0x0000013f7c605090 flushing  nmethod 0x0000013f008d5588
Event: 11.539 Thread 0x0000013f7c605090 flushing  nmethod 0x0000013f008f7588
Event: 11.539 Thread 0x0000013f7c605090 flushing  nmethod 0x0000013f008f7888
Event: 11.539 Thread 0x0000013f7c605090 flushing  nmethod 0x0000013f008f9108
Event: 11.539 Thread 0x0000013f7c605090 flushing  nmethod 0x0000013f008f9b08
Event: 11.539 Thread 0x0000013f7c605090 flushing  nmethod 0x0000013f008faf88
Event: 11.539 Thread 0x0000013f7c605090 flushing  nmethod 0x0000013f008fb308
Event: 11.539 Thread 0x0000013f7c605090 flushing  nmethod 0x0000013f00910e08
Event: 11.539 Thread 0x0000013f7c605090 flushing  nmethod 0x0000013f00911408
Event: 11.539 Thread 0x0000013f7c605090 flushing  nmethod 0x0000013f00912508
Event: 11.539 Thread 0x0000013f7c605090 flushing  nmethod 0x0000013f00926308
Event: 11.539 Thread 0x0000013f7c605090 flushing  nmethod 0x0000013f00937008
Event: 11.539 Thread 0x0000013f7c605090 flushing  nmethod 0x0000013f00939c88

Events (20 events):
Event: 0.083 Thread 0x0000013f6bda5e70 Thread added: 0x0000013f7c62a330
Event: 0.086 Thread 0x0000013f6bda5e70 Thread added: 0x0000013f7c627450
Event: 0.350 Thread 0x0000013f7c63c750 Thread added: 0x0000013f0f39abc0
Event: 0.481 Thread 0x0000013f6bda5e70 Thread added: 0x0000013f7c62c270
Event: 0.552 Thread 0x0000013f7c62c270 Thread exited: 0x0000013f7c62c270
Event: 1.173 Thread 0x0000013f0f39abc0 Thread exited: 0x0000013f0f39abc0
Event: 1.382 Thread 0x0000013f7c646f90 Thread added: 0x0000013f140be670
Event: 1.423 Thread 0x0000013f7c646f90 Thread added: 0x0000013f141c53c0
Event: 2.429 Thread 0x0000013f141c53c0 Thread exited: 0x0000013f141c53c0
Event: 2.499 Thread 0x0000013f140be670 Thread exited: 0x0000013f140be670
Event: 4.068 Thread 0x0000013f6bda5e70 Thread added: 0x0000013f14833450
Event: 4.343 Thread 0x0000013f7c646f90 Thread added: 0x0000013f14b77ac0
Event: 4.354 Thread 0x0000013f7c646f90 Thread added: 0x0000013f1490e240
Event: 6.812 Thread 0x0000013f1490e240 Thread exited: 0x0000013f1490e240
Event: 7.197 Thread 0x0000013f14b77ac0 Thread exited: 0x0000013f14b77ac0
Event: 7.239 Thread 0x0000013f7c646f90 Thread added: 0x0000013f0f8aaee0
Event: 9.197 Thread 0x0000013f0f8aaee0 Thread added: 0x0000013f15e70760
Event: 9.513 Thread 0x0000013f15e70760 Thread exited: 0x0000013f15e70760
Event: 12.131 Thread 0x0000013f0f8aaee0 Thread exited: 0x0000013f0f8aaee0
Event: 12.204 Thread 0x0000013f7c63c750 Thread added: 0x0000013f1575bb20


Dynamic libraries:
0x00007ff7969a0000 - 0x00007ff7969b0000 	C:\Program Files\Java\jdk-26.0.2.1\bin\java.exe
0x00007ffeab000000 - 0x00007ffeab267000 	C:\Windows\SYSTEM32\ntdll.dll
0x00007ffe79920000 - 0x00007ffe79941000 	C:\Program Files\AVG\Antivirus\aswhook.dll
0x00007ffea9490000 - 0x00007ffea955b000 	C:\Windows\System32\KERNEL32.DLL
0x00007ffea8230000 - 0x00007ffea8631000 	C:\Windows\System32\KERNELBASE.dll
0x00007ffea8940000 - 0x00007ffea8a8c000 	C:\Windows\System32\ucrtbase.dll
0x00007ffe8b700000 - 0x00007ffe8b717000 	C:\Program Files\Java\jdk-26.0.2.1\bin\jli.dll
0x00007ffe8b060000 - 0x00007ffe8b07e000 	C:\Program Files\Java\jdk-26.0.2.1\bin\VCRUNTIME140.dll
0x00007ffeaa1a0000 - 0x00007ffeaa377000 	C:\Windows\System32\USER32.dll
0x00007ffe8ab10000 - 0x00007ffe8ada0000 	C:\Windows\WinSxS\amd64_microsoft.windows.common-controls_6595b64144ccf1df_6.0.26100.9549_none_3e0a0396e3330090\COMCTL32.dll
0x00007ffea8200000 - 0x00007ffea8227000 	C:\Windows\System32\win32u.dll
0x00007ffea9030000 - 0x00007ffea90d9000 	C:\Windows\System32\msvcrt.dll
0x00007ffeaaed0000 - 0x00007ffeaaefb000 	C:\Windows\System32\GDI32.dll
0x00007ffea8aa0000 - 0x00007ffea8bc8000 	C:\Windows\System32\gdi32full.dll
0x00007ffea8890000 - 0x00007ffea8933000 	C:\Windows\System32\msvcp_win.dll
0x00007ffea9450000 - 0x00007ffea9481000 	C:\Windows\System32\IMM32.DLL
0x00007ffe94990000 - 0x00007ffe9499c000 	C:\Program Files\Java\jdk-26.0.2.1\bin\vcruntime140_1.dll
0x00007ffe267e0000 - 0x00007ffe2686d000 	C:\Program Files\Java\jdk-26.0.2.1\bin\msvcp140.dll
0x00007ffdf6370000 - 0x00007ffdf7241000 	C:\Program Files\Java\jdk-26.0.2.1\bin\server\jvm.dll
0x00007ffeaaf00000 - 0x00007ffeaafbb000 	C:\Windows\System32\ADVAPI32.dll
0x00007ffeaa480000 - 0x00007ffeaa528000 	C:\Windows\System32\sechost.dll
0x00007ffeaa530000 - 0x00007ffeaa648000 	C:\Windows\System32\RPCRT4.dll
0x00007ffeaa110000 - 0x00007ffeaa191000 	C:\Windows\System32\WS2_32.dll
0x00007ffea8050000 - 0x00007ffea80ae000 	C:\Windows\SYSTEM32\POWRPROF.dll
0x00007ffe9db30000 - 0x00007ffe9db67000 	C:\Windows\SYSTEM32\WINMM.dll
0x00007ffe96bb0000 - 0x00007ffe96bbb000 	C:\Windows\SYSTEM32\VERSION.dll
0x00007ffea8030000 - 0x00007ffea8045000 	C:\Windows\SYSTEM32\UMPDC.dll
0x00007ffea6ea0000 - 0x00007ffea6ebb000 	C:\Windows\SYSTEM32\kernel.appcore.dll
0x00007ffe94890000 - 0x00007ffe9489a000 	C:\Program Files\Java\jdk-26.0.2.1\bin\jimage.dll
0x00007ffea5650000 - 0x00007ffea589c000 	C:\Windows\SYSTEM32\DBGHELP.DLL
0x00007ffea9d80000 - 0x00007ffeaa10a000 	C:\Windows\System32\combase.dll
0x00007ffea97f0000 - 0x00007ffea98c9000 	C:\Windows\System32\OLEAUT32.dll
0x00007ffe94b00000 - 0x00007ffe94b3b000 	C:\Windows\SYSTEM32\dbgcore.DLL
0x00007ffea8640000 - 0x00007ffea86ec000 	C:\Windows\System32\bcryptPrimitives.dll
0x00007ffe7eef0000 - 0x00007ffe7ef0f000 	C:\Program Files\Java\jdk-26.0.2.1\bin\java.dll
0x00007ffea8d20000 - 0x00007ffea8eba000 	C:\Windows\System32\ole32.dll
0x00007ffeaa650000 - 0x00007ffeaadec000 	C:\Windows\System32\SHELL32.dll
0x00007ffea5c20000 - 0x00007ffea64cd000 	C:\Windows\SYSTEM32\windows.storage.dll
0x00007ffeaa380000 - 0x00007ffeaa479000 	C:\Windows\System32\SHCORE.dll
0x00007ffea9660000 - 0x00007ffea96c6000 	C:\Windows\System32\shlwapi.dll
0x00007ffea8110000 - 0x00007ffea8139000 	C:\Windows\SYSTEM32\profapi.dll
0x00007ffe792c0000 - 0x00007ffe792d2000 	C:\Program Files\Java\jdk-26.0.2.1\bin\net.dll
0x00007ffea7460000 - 0x00007ffea74cc000 	C:\Windows\system32\mswsock.dll
0x00007ffe5fe30000 - 0x00007ffe5fe46000 	C:\Program Files\Java\jdk-26.0.2.1\bin\nio.dll
0x00007ffe5fe10000 - 0x00007ffe5fe26000 	C:\Program Files\Java\jdk-26.0.2.1\bin\zip.dll
0x00007ffe58a80000 - 0x00007ffe58aa4000 	C:\Users\acer\.m2\wrapper\dists\apache-maven-3.9.16\0daed3be3ebd1c706f0e69e8b07c6b73f5cc4ea3dfce72a8d0ec2e849ca2ddb0\lib\jansi-native\Windows\x86_64\jansi.dll
0x00007ffe946c0000 - 0x00007ffe946d0000 	C:\Program Files\Java\jdk-26.0.2.1\bin\verify.dll

JVMTI agents: none

dbghelp: loaded successfully - version: 4.0.5 - missing functions: none
symbol engine: initialized successfully - sym options: 0x614 - pdb path: .;C:\Program Files\Java\jdk-26.0.2.1\bin;C:\Windows\SYSTEM32;C:\Program Files\AVG\Antivirus;C:\Windows\WinSxS\amd64_microsoft.windows.common-controls_6595b64144ccf1df_6.0.26100.9549_none_3e0a0396e3330090;C:\Program Files\Java\jdk-26.0.2.1\bin\server;C:\Users\acer\.m2\wrapper\dists\apache-maven-3.9.16\0daed3be3ebd1c706f0e69e8b07c6b73f5cc4ea3dfce72a8d0ec2e849ca2ddb0\lib\jansi-native\Windows\x86_64

VM Arguments:
jvm_args: --enable-native-access=ALL-UNNAMED -Dclassworlds.conf=C:\Users\acer\.m2\wrapper\dists\apache-maven-3.9.16\0daed3be3ebd1c706f0e69e8b07c6b73f5cc4ea3dfce72a8d0ec2e849ca2ddb0\bin\m2.conf -Dmaven.home=C:\Users\acer\.m2\wrapper\dists\apache-maven-3.9.16\0daed3be3ebd1c706f0e69e8b07c6b73f5cc4ea3dfce72a8d0ec2e849ca2ddb0 -Dlibrary.jansi.path=C:\Users\acer\.m2\wrapper\dists\apache-maven-3.9.16\0daed3be3ebd1c706f0e69e8b07c6b73f5cc4ea3dfce72a8d0ec2e849ca2ddb0\lib\jansi-native -Dmaven.multiModuleProjectDirectory=C:\Users\acer\Desktop\STUDENT 
java_command: org.codehaus.plexus.classworlds.launcher.Launcher clean package
java_class_path (initial): C:\Users\acer\.m2\wrapper\dists\apache-maven-3.9.16\0daed3be3ebd1c706f0e69e8b07c6b73f5cc4ea3dfce72a8d0ec2e849ca2ddb0\boot\plexus-classworlds-2.11.0.jar
Launcher Type: SUN_STANDARD

[Global flags]
     bool AOTAdapterCaching                        = false                                  {diagnostic} {ergonomic}
     bool AOTInvokeDynamicLinking                  = false                                  {diagnostic} {ergonomic}
     bool AOTRecordTraining                        = false                                  {diagnostic} {ergonomic}
     bool AOTReplayTraining                        = false                                  {diagnostic} {ergonomic}
     bool AOTStubCaching                           = false                                  {diagnostic} {ergonomic}
     intx CICompilerCount                          = 4                                         {product} {ergonomic}
     uint ConcGCThreads                            = 2                                         {product} {ergonomic}
     uint G1ConcRefinementThreads                  = 8                                         {product} {ergonomic}
     uint G1EagerReclaimRemSetThreshold            = 10                                   {experimental} {ergonomic}
   size_t G1HeapRegionSize                         = 1048576                                   {product} {ergonomic}
     uint G1RemSetArrayOfCardsEntries              = 10                                   {experimental} {ergonomic}
     uint G1RemSetHowlMaxNumBuckets                = 8                                    {experimental} {ergonomic}
     uint G1RemSetHowlNumBuckets                   = 4                                    {experimental} {ergonomic}
   size_t InitialHeapSize                          = 8388608                                   {product} {ergonomic}
     bool IntelJccErratumMitigation                = false                             {ARCH diagnostic} {ergonomic}
   size_t MarkStackSize                            = 4194304                                   {product} {ergonomic}
   size_t MarkStackSizeMax                         = 536870912                                 {product} {ergonomic}
   size_t MaxHeapSize                              = 2080374784                                {product} {ergonomic}
   size_t MaxNewSize                               = 1247805440                                {product} {ergonomic}
 uint64_t MaxRAM                                   = 8316641280                                {product} {ergonomic}
   size_t MinHeapDeltaBytes                        = 1048576                                   {product} {ergonomic}
   size_t MinHeapSize                              = 8388608                                   {product} {ergonomic}
   size_t NonNMethodCodeHeapSize                   = 5898240                                {pd product} {ergonomic}
   size_t NonProfiledCodeHeapSize                  = 122945536                              {pd product} {ergonomic}
   size_t ProfiledCodeHeapSize                     = 122945536                              {pd product} {ergonomic}
   size_t ReservedCodeCacheSize                    = 251789312                              {pd product} {ergonomic}
     bool SegmentedCodeCache                       = true                                      {product} {ergonomic}
   size_t SoftMaxHeapSize                          = 2080374784                             {manageable} {ergonomic}
     bool UseCompressedOops                        = true                           {product lp64_product} {ergonomic}
     bool UseCondCardMark                          = true                                      {product} {ergonomic}
     bool UseFastUnorderedTimeStamps               = true                                 {experimental} {ergonomic}
     bool UseG1GC                                  = true                                      {product} {ergonomic}
     bool UseLargePagesIndividualAllocation        = false                                  {pd product} {ergonomic}
      int X86ICacheSync                            = 3                                 {ARCH diagnostic} {ergonomic}

Logging:
Log output configuration:
 #0: stdout all=warning uptime,level,tags foldmultilines=false
 #1: stderr all=off uptime,level,tags foldmultilines=false

Release file:
IMPLEMENTOR="Oracle Corporation" 
JAVA_RUNTIME_VERSION="26.0.2.1+1-7" 
JAVA_VERSION="26.0.2.1" 
JAVA_VERSION_DATE="2026-08-18" 
LIBC="default" 
MODULES="java.base java.compiler java.datatransfer java.xml java.prefs java.desktop java.instrument java.logging java.management java.security.sasl java.naming java.rmi java.management.rmi java.net.http java.scripting java.security.jgss java.transaction.xa java.sql java.sql.rowset java.xml.crypto java.se java.smartcardio jdk.accessibility jdk.internal.jvmstat jdk.attach jdk.charsets jdk.internal.opt jdk.zipfs jdk.compiler jdk.crypto.cryptoki jdk.crypto.ec jdk.crypto.mscapi jdk.dynalink jdk.internal.ed jdk.editpad jdk.internal.vm.ci jdk.graal.compiler jdk.graal.compiler.management jdk.hotspot.agent jdk.httpserver jdk.incubator.vector jdk.internal.le jdk.internal.md jdk.jartool jdk.javadoc jdk.jcmd jdk.management jdk.management.agent jdk.jconsole jdk.jdeps jdk.jdwp.agent jdk.jdi jdk.jfr jdk.jlink jdk.jpackage jdk.jshell jdk.jstatd jdk.localedata jdk.management.jfr jdk.naming.dns jdk.naming.rmi jdk.net jdk.nio.mapmode jdk.sctp jdk.security.auth jdk.security.jgss jdk.unsupported jdk.unsupported.desktop jdk.xml.dom" 
OS_ARCH="x86_64" 
OS_NAME="Windows" 
SOURCE=".:git:0d9eee3548f0 open:git:d55edf1cba61" 

Environment Variables:
JAVA_HOME=C:\Program Files\Java\jdk-26.0.2.1
PATH=C:\Program Files\Common Files\Oracle\Java\javapath;C:\Windows\system32;C:\Windows;C:\Windows\System32\Wbem;C:\Windows\System32\WindowsPowerShell\v1.0\;C:\Windows\System32\OpenSSH\;C:\Program Files\dotnet\;C:\Users\acer\AppData\Local\Programs\Python\Launcher\;C:\Users\acer\.local\bin;C:\Users\acer\AppData\Local\Microsoft\WindowsApps;C:\Users\acer\AppData\Local\Programs\Microsoft VS Code\bin;C:\Users\acer\AppData\Local\Python\bin;C:\Users\acer\AppData\Local\Programs\Antigravity\bin;C:\Program Files\Java\jdk-26.0.2.1\bin;C:\Program Files\Git\cmd;C:\Program Files\nodejs\;C:\Users\acer\AppData\Local\Programs\Python\Launcher\;C:\Users\acer\.local\bin;C:\Users\acer\AppData\Local\Microsoft\WindowsApps;C:\Users\acer\AppData\Local\Programs\Microsoft VS Code\bin;C:\Users\acer\AppData\Local\Python\bin;C:\Users\acer\AppData\Local\Programs\Antigravity\bin;C:\Users\acer\AppData\Roaming\npm;C:\Users\acer\Downloads\apache-maven-3.9.16-bin;;c:\Users\acer\AppData\Local\Programs\Microsoft VS Code\07f806f999\resources\app\node_modules.asar.unpacked\@vscode\ripgrep-universal\bin\win32-x64
USERNAME=acer
OS=Windows_NT
PROCESSOR_IDENTIFIER=Intel64 Family 6 Model 190 Stepping 0, GenuineIntel
TMP=C:\Users\acer\AppData\Local\Temp
TEMP=C:\Users\acer\AppData\Local\Temp




Compilation memory statistics disabled.

Periodic native trim disabled

---------------  S Y S T E M  ---------------

OS:
 Windows 11 , 64 bit Build 26100 (10.0.26100.9549)
OS uptime: 0 days 15:28 hours
Hyper-V role detected

CPU: total 8 (initial active 8) (8 cores per cpu, 1 threads per core) family 6 model 190 stepping 0 microcode 0x11, cx8, cmov, fxsr, mmx, 3dnowpref, sse, sse2, sse3, ssse3, sse4.1, sse4.2, popcnt, lzcnt, tsc, tscinvbit, avx, avx2, aes, erms, clmul, bmi1, bmi2, adx, sha, fma, vzeroupper, clflush, clflushopt, clwb, hv, serialize, rdtscp, rdpid, fsrm, gfni, f16c, cet_ibt, cet_ss
Processor Information for processor 0
  Max Mhz: 1800, Current Mhz: 1800, Mhz Limit: 1800
Processor Information for processor 1
  Max Mhz: 1800, Current Mhz: 1500, Mhz Limit: 1800
Processor Information for processor 2
  Max Mhz: 1800, Current Mhz: 1800, Mhz Limit: 1800
Processor Information for processor 3
  Max Mhz: 1800, Current Mhz: 1800, Mhz Limit: 1800
Processor Information for processor 4
  Max Mhz: 1800, Current Mhz: 1800, Mhz Limit: 1800
Processor Information for processor 5
  Max Mhz: 1800, Current Mhz: 1500, Mhz Limit: 1800
Processor Information for processor 6
  Max Mhz: 1800, Current Mhz: 1500, Mhz Limit: 1800
Processor Information for processor 7
  Max Mhz: 1800, Current Mhz: 1500, Mhz Limit: 1800

Memory: 4k page, system-wide physical 7931M (407M free)
TotalPageFile size 17363M (AvailPageFile size 9M)
current process WorkingSet (physical memory assigned to process): 282M, peak: 283M
current process commit charge ("private bytes"): 359M, peak: 381M

vm_info: Java HotSpot(TM) 64-Bit Server VM (26.0.2.1+1-7) for windows-amd64 JRE (26.0.2.1+1-7), built on 2026-07-24T06:55:58Z with MS VC++ 17.13 (VS2022)

END.
